[0mGET /compare/period/ [36m302 [0m13.419 ms - 46[0m
[0mGET / [32m200 [0m1180.313 ms - 2614[0m
[0mGET /js/jquery-2.1.1.min.js [36m304 [0m17.844 ms - -[0m
[0mGET /js/bootstrap.min.js [36m304 [0m2.364 ms - -[0m
[0mGET /css/ah-styles.min.css [36m304 [0m2.342 ms - -[0m
[0mGET /css/bootstrap.min.css [36m304 [0m2.330 ms - -[0m
[0mGET /css/ah-tm.init.css [36m304 [0m1.976 ms - -[0m
[0mGET /images/login_page_logo.png [36m304 [0m0.730 ms - -[0m
[0mGET /images/growing-hives.png [36m304 [0m1.789 ms - -[0m
[0mGET /favicon.ico [36m304 [0m0.658 ms - -[0m
[0mPOST / [36m302 [0m40.769 ms - 66[0m
[0mGET /dashboard/ [32m200 [0m446.525 ms - 17488[0m
[0mGET /js/jquery-2.1.1.min.js [36m304 [0m17.190 ms - -[0m
[0mGET /js/highstock.js [36m304 [0m5.789 ms - -[0m
[0mGET /css/font-awesome.min.css [36m304 [0m3.901 ms - -[0m
[0mGET /js/bootstrap.min.js [36m304 [0m3.339 ms - -[0m
[0mGET /css/bootstrap.min.css [36m304 [0m2.771 ms - -[0m
[0mGET /css/ah-styles.min.css [36m304 [0m3.046 ms - -[0m
[0mGET /css/ah-tm.dashboard.css [36m304 [0m3.685 ms - -[0m
[0mGET /css/borderContainer.css [36m304 [0m3.520 ms - -[0m
[0mGET /js/common/locations.js [36m304 [0m2.989 ms - -[0m
[0mGET /js/common/timeline.js [36m304 [0m2.779 ms - -[0m
[0mGET /js/common/error.js [36m304 [0m2.611 ms - -[0m
[0mGET /js/common/charts.js [36m304 [0m2.925 ms - -[0m
[0mGET /js/dashboard/widget.js [36m304 [0m3.662 ms - -[0m
[0mGET /js/dashboard/update.js [36m304 [0m3.473 ms - -[0m
[0mGET /js/dashboard/init.js [36m304 [0m3.301 ms - -[0m
[0mGET /js/dashboard/bestLocation.js [36m304 [0m2.662 ms - -[0m
[0mGET /images/logo_nav.png [36m304 [0m1.213 ms - -[0m
{ host: 'cloud-va.aerohive.com',
  port: 443,
  path: '/xapi/v1/configuration/apLocationFolders?ownerId=1198',
  method: 'GET',
  headers: 
   { 'X-AH-API-CLIENT-SECRET': '30d58fb77a55ea5593c396cae8b93f94',
     'X-AH-API-CLIENT-ID': 'f4d129a2',
     'X-AH-API-CLIENT-REDIRECT-URI': 'https://127.0.0.1:3443/conf/api/reg',
     Authorization: 'Bearer SMMN8XuTstHBalGbtgvlo8lkyiJ2fl5Of4d129a2' } }
[0mGET /images/common/ah-nav-sprite-icons.png [36m304 [0m2.641 ms - -[0m
[0mGET /images/common/sprite/apollo-feedback.png [36m304 [0m2.420 ms - -[0m
[0mGET /images/common/loading/grid_loading.gif [36m304 [0m3.524 ms - -[0m
[0mGET /favicon.ico [36m304 [0m0.773 ms - -[0m
STATUS: 200
HEADERS: {"content-type":"application/json","date":"Sun, 21 Feb 2016 20:19:46 GMT","server":"nginx","strict-transport-security":"max-age=31536000;includeSubDomains","content-length":"1966","connection":"Close"}
{ host: 'cloud-va.aerohive.com',
  port: 443,
  path: '/xapi/v1/monitor/devices?ownerId=1198',
  method: 'GET',
  headers: 
   { 'X-AH-API-CLIENT-SECRET': '30d58fb77a55ea5593c396cae8b93f94',
     'X-AH-API-CLIENT-ID': 'f4d129a2',
     'X-AH-API-CLIENT-REDIRECT-URI': 'https://127.0.0.1:3443/conf/api/reg',
     Authorization: 'Bearer SMMN8XuTstHBalGbtgvlo8lkyiJ2fl5Of4d129a2' } }
[0mPOST /api/common/init/ [0m- [0m- ms - -[0m
[0mGET /compare/location/ [36m304 [0m445.217 ms - -[0m
[0mGET /js/jquery-2.1.1.min.js [36m304 [0m4.818 ms - -[0m
[0mGET /js/highstock.js [36m304 [0m19.383 ms - -[0m
[0mGET /css/font-awesome.min.css [36m304 [0m13.219 ms - -[0m
[0mGET /js/bootstrap.min.js [36m304 [0m5.789 ms - -[0m
[0mGET /css/bootstrap.min.css [36m304 [0m5.767 ms - -[0m
[0mGET /css/ah-styles.min.css [36m304 [0m6.843 ms - -[0m
[0mGET /css/ah-tm.dashboard.css [36m304 [0m5.744 ms - -[0m
[0mGET /css/borderContainer.css [36m304 [0m4.082 ms - -[0m
[0mGET /js/common/locations.js [36m304 [0m3.786 ms - -[0m
[0mGET /js/common/timeline.js [36m304 [0m3.666 ms - -[0m
[0mGET /js/common/error.js [36m304 [0m3.582 ms - -[0m
[0mGET /js/common/charts.js [36m304 [0m3.498 ms - -[0m
[0mGET /js/highcharts-more.js [36m304 [0m3.412 ms - -[0m
[0mGET /js/compare/location/locationPolarAndBars.js [36m304 [0m3.302 ms - -[0m
[0mGET /js/compare/location/locationLine.js [36m304 [0m3.206 ms - -[0m
[0mGET /js/compare/location/update.js [36m304 [0m3.196 ms - -[0m
[0mGET /js/compare/location/init.js [36m304 [0m1.567 ms - -[0m
[0mGET /images/logo_nav.png [36m304 [0m0.371 ms - -[0m
{ host: 'cloud-va.aerohive.com',
  port: 443,
  path: '/xapi/v1/configuration/apLocationFolders?ownerId=1198',
  method: 'GET',
  headers: 
   { 'X-AH-API-CLIENT-SECRET': '30d58fb77a55ea5593c396cae8b93f94',
     'X-AH-API-CLIENT-ID': 'f4d129a2',
     'X-AH-API-CLIENT-REDIRECT-URI': 'https://127.0.0.1:3443/conf/api/reg',
     Authorization: 'Bearer SMMN8XuTstHBalGbtgvlo8lkyiJ2fl5Of4d129a2' } }
[0mGET /images/common/ah-nav-sprite-icons.png [36m304 [0m0.379 ms - -[0m
[0mGET /images/common/sprite/apollo-feedback.png [36m304 [0m0.303 ms - -[0m
[0mGET /images/common/loading/grid_loading.gif [36m304 [0m0.342 ms - -[0m
[0mGET /favicon.ico [36m304 [0m0.366 ms - -[0m
STATUS: 200
HEADERS: {"content-type":"application/json","date":"Sun, 21 Feb 2016 20:19:48 GMT","server":"nginx","strict-transport-security":"max-age=31536000;includeSubDomains","content-length":"1966","connection":"Close"}
{ host: 'cloud-va.aerohive.com',
  port: 443,
  path: '/xapi/v1/monitor/devices?ownerId=1198',
  method: 'GET',
  headers: 
   { 'X-AH-API-CLIENT-SECRET': '30d58fb77a55ea5593c396cae8b93f94',
     'X-AH-API-CLIENT-ID': 'f4d129a2',
     'X-AH-API-CLIENT-REDIRECT-URI': 'https://127.0.0.1:3443/conf/api/reg',
     Authorization: 'Bearer SMMN8XuTstHBalGbtgvlo8lkyiJ2fl5Of4d129a2' } }
STATUS: 200
HEADERS: {"content-type":"application/json","date":"Sun, 21 Feb 2016 20:19:47 GMT","server":"nginx","strict-transport-security":"max-age=31536000;includeSubDomains","transfer-encoding":"chunked","connection":"Close"}
[0mPOST /api/common/init/ [0m- [0m- ms - -[0m
[0mGET /compare/period/ [32m200 [0m229.680 ms - 19528[0m
[0mGET /js/jquery-2.1.1.min.js [36m304 [0m3.524 ms - -[0m
[0mGET /js/highstock.js [36m304 [0m2.377 ms - -[0m
[0mGET /css/font-awesome.min.css [36m304 [0m2.710 ms - -[0m
[0mGET /js/bootstrap.min.js [36m304 [0m9.360 ms - -[0m
[0mGET /css/bootstrap.min.css [36m304 [0m9.211 ms - -[0m
[0mGET /css/ah-styles.min.css [36m304 [0m9.178 ms - -[0m
[0mGET /css/ah-tm.dashboard.css [36m304 [0m6.920 ms - -[0m
[0mGET /css/borderContainer.css [36m304 [0m6.131 ms - -[0m
[0mGET /js/common/locations.js [36m304 [0m6.071 ms - -[0m
[0mGET /js/common/timeline.js [36m304 [0m6.411 ms - -[0m
[0mGET /js/common/error.js [36m304 [0m3.406 ms - -[0m
[0mGET /js/common/charts.js [36m304 [0m3.275 ms - -[0m
[0mGET /js/highcharts-more.js [36m304 [0m3.191 ms - -[0m
[0mGET /js/compare/period/periodPolarAndBars.js [36m304 [0m3.059 ms - -[0m
[0mGET /js/compare/period/periodLine.js [36m304 [0m2.918 ms - -[0m
[0mGET /js/compare/period/update.js [36m304 [0m2.840 ms - -[0m
[0mGET /js/compare/period/init.js [36m304 [0m1.565 ms - -[0m
[0mGET /images/logo_nav.png [36m304 [0m0.425 ms - -[0m
{ host: 'cloud-va.aerohive.com',
  port: 443,
  path: '/xapi/v1/configuration/apLocationFolders?ownerId=1198',
  method: 'GET',
  headers: 
   { 'X-AH-API-CLIENT-SECRET': '30d58fb77a55ea5593c396cae8b93f94',
     'X-AH-API-CLIENT-ID': 'f4d129a2',
     'X-AH-API-CLIENT-REDIRECT-URI': 'https://127.0.0.1:3443/conf/api/reg',
     Authorization: 'Bearer SMMN8XuTstHBalGbtgvlo8lkyiJ2fl5Of4d129a2' } }
[0mGET /images/common/ah-nav-sprite-icons.png [36m304 [0m0.714 ms - -[0m
[0mGET /images/common/sprite/apollo-feedback.png [36m304 [0m0.559 ms - -[0m
[0mGET /images/common/loading/grid_loading.gif [36m304 [0m0.616 ms - -[0m
[0mGET /favicon.ico [36m304 [0m0.599 ms - -[0m
STATUS: 200
HEADERS: {"content-type":"application/json","date":"Sun, 21 Feb 2016 20:19:51 GMT","server":"nginx","strict-transport-security":"max-age=31536000;includeSubDomains","content-length":"1966","connection":"Close"}
{ host: 'cloud-va.aerohive.com',
  port: 443,
  path: '/xapi/v1/monitor/devices?ownerId=1198',
  method: 'GET',
  headers: 
   { 'X-AH-API-CLIENT-SECRET': '30d58fb77a55ea5593c396cae8b93f94',
     'X-AH-API-CLIENT-ID': 'f4d129a2',
     'X-AH-API-CLIENT-REDIRECT-URI': 'https://127.0.0.1:3443/conf/api/reg',
     Authorization: 'Bearer SMMN8XuTstHBalGbtgvlo8lkyiJ2fl5Of4d129a2' } }
STATUS: 200
HEADERS: {"content-type":"application/json","date":"Sun, 21 Feb 2016 20:19:48 GMT","server":"nginx","strict-transport-security":"max-age=31536000;includeSubDomains","transfer-encoding":"chunked","connection":"Close"}
[0mPOST /api/common/init/ [0m- [0m- ms - -[0m
[0mGET /compare/period/ [36m304 [0m274.218 ms - -[0m
[0mGET /js/jquery-2.1.1.min.js [36m304 [0m9.047 ms - -[0m
[0mGET /js/highstock.js [36m304 [0m17.399 ms - -[0m
[0mGET /css/font-awesome.min.css [36m304 [0m16.421 ms - -[0m
[0mGET /js/bootstrap.min.js [36m304 [0m10.972 ms - -[0m
[0mGET /css/bootstrap.min.css [36m304 [0m10.497 ms - -[0m
[0mGET /css/ah-styles.min.css [36m304 [0m22.091 ms - -[0m
[0mGET /css/ah-tm.dashboard.css [36m304 [0m12.524 ms - -[0m
[0mGET /css/borderContainer.css [36m304 [0m11.760 ms - -[0m
[0mGET /js/common/locations.js [36m304 [0m11.197 ms - -[0m
[0mGET /js/common/timeline.js [36m304 [0m10.717 ms - -[0m
[0mGET /js/common/error.js [36m304 [0m17.206 ms - -[0m
[0mGET /js/common/charts.js [36m304 [0m17.202 ms - -[0m
[0mGET /js/highcharts-more.js [36m304 [0m16.710 ms - -[0m
[0mGET /js/compare/period/periodPolarAndBars.js [36m304 [0m15.618 ms - -[0m
[0mGET /js/compare/period/periodLine.js [36m304 [0m5.554 ms - -[0m
[0mGET /js/compare/period/update.js [36m304 [0m4.929 ms - -[0m
[0mGET /js/compare/period/init.js [36m304 [0m3.738 ms - -[0m
[0mGET /images/logo_nav.png [36m304 [0m2.307 ms - -[0m
{ host: 'cloud-va.aerohive.com',
  port: 443,
  path: '/xapi/v1/configuration/apLocationFolders?ownerId=1198',
  method: 'GET',
  headers: 
   { 'X-AH-API-CLIENT-SECRET': '30d58fb77a55ea5593c396cae8b93f94',
     'X-AH-API-CLIENT-ID': 'f4d129a2',
     'X-AH-API-CLIENT-REDIRECT-URI': 'https://127.0.0.1:3443/conf/api/reg',
     Authorization: 'Bearer SMMN8XuTstHBalGbtgvlo8lkyiJ2fl5Of4d129a2' } }
[0mGET /images/common/ah-nav-sprite-icons.png [36m304 [0m4.186 ms - -[0m
[0mGET /images/common/sprite/apollo-feedback.png [36m304 [0m3.884 ms - -[0m
[0mGET /images/common/loading/grid_loading.gif [36m304 [0m1.745 ms - -[0m
[0mGET /favicon.ico [36m304 [0m1.056 ms - -[0m
STATUS: 200
HEADERS: {"content-type":"application/json","date":"Sun, 21 Feb 2016 20:21:08 GMT","server":"nginx","strict-transport-security":"max-age=31536000;includeSubDomains","content-length":"1966","connection":"Close"}
{ host: 'cloud-va.aerohive.com',
  port: 443,
  path: '/xapi/v1/monitor/devices?ownerId=1198',
  method: 'GET',
  headers: 
   { 'X-AH-API-CLIENT-SECRET': '30d58fb77a55ea5593c396cae8b93f94',
     'X-AH-API-CLIENT-ID': 'f4d129a2',
     'X-AH-API-CLIENT-REDIRECT-URI': 'https://127.0.0.1:3443/conf/api/reg',
     Authorization: 'Bearer SMMN8XuTstHBalGbtgvlo8lkyiJ2fl5Of4d129a2' } }
STATUS: 200
HEADERS: {"content-type":"application/json","date":"Sun, 21 Feb 2016 20:21:08 GMT","server":"nginx","strict-transport-security":"max-age=31536000;includeSubDomains","transfer-encoding":"chunked","connection":"Close"}
[0mPOST /api/common/init/ [32m200 [0m1021.392 ms - 2035[0m
{ host: 'cloud-va.aerohive.com',
  port: 443,
  path: '/xapi/v1/clientlocation/clienttimeseries?ownerId=1198&location=5145370822272&startTime=2016-01-21T20:00:00.000Z&endTime=2016-02-21T20:00:00.000Z&timeUnit=OneDay',
  method: 'GET',
  headers: 
   { 'X-AH-API-CLIENT-SECRET': '30d58fb77a55ea5593c396cae8b93f94',
     'X-AH-API-CLIENT-ID': 'f4d129a2',
     'X-AH-API-CLIENT-REDIRECT-URI': 'https://127.0.0.1:3443/conf/api/reg',
     Authorization: 'Bearer SMMN8XuTstHBalGbtgvlo8lkyiJ2fl5Of4d129a2' } }
[0mGET /images/common/sprite/icons.png [36m304 [0m3.718 ms - -[0m
[0mGET /font/fontawesome-webfont.woff2?v=4.3.0 [36m304 [0m0.942 ms - -[0m
STATUS: 200
HEADERS: {"content-type":"application/json","date":"Sun, 21 Feb 2016 20:21:09 GMT","server":"nginx","strict-transport-security":"max-age=31536000;includeSubDomains","transfer-encoding":"chunked","connection":"Close"}
[0mPOST /api/common/timeline/ [32m200 [0m1218.234 ms - 1837[0m
{ host: 'cloud-va.aerohive.com',
  port: 443,
  path: '/xapi/v1/clientlocation/clientcount?ownerId=1198&location=5145370822272&startTime=2016-02-14T00:00:00.000Z&endTime=2016-02-21T00:00:00.000Z',
  method: 'GET',
  headers: 
   { 'X-AH-API-CLIENT-SECRET': '30d58fb77a55ea5593c396cae8b93f94',
     'X-AH-API-CLIENT-ID': 'f4d129a2',
     'X-AH-API-CLIENT-REDIRECT-URI': 'https://127.0.0.1:3443/conf/api/reg',
     Authorization: 'Bearer SMMN8XuTstHBalGbtgvlo8lkyiJ2fl5Of4d129a2' } }
{ host: 'cloud-va.aerohive.com',
  port: 443,
  path: '/xapi/v1/clientlocation/clientcount?ownerId=1198&location=5145370822272&startTime=2016-02-07T00:00:00.000Z&endTime=2016-02-14T00:00:00.000Z',
  method: 'GET',
  headers: 
   { 'X-AH-API-CLIENT-SECRET': '30d58fb77a55ea5593c396cae8b93f94',
     'X-AH-API-CLIENT-ID': 'f4d129a2',
     'X-AH-API-CLIENT-REDIRECT-URI': 'https://127.0.0.1:3443/conf/api/reg',
     Authorization: 'Bearer SMMN8XuTstHBalGbtgvlo8lkyiJ2fl5Of4d129a2' } }
{ host: 'cloud-va.aerohive.com',
  port: 443,
  path: '/xapi/v1/clientlocation/clientcount?ownerId=1198&location=5145370822272&startTime=2016-01-31T00:00:00.000Z&endTime=2016-02-07T00:00:00.000Z',
  method: 'GET',
  headers: 
   { 'X-AH-API-CLIENT-SECRET': '30d58fb77a55ea5593c396cae8b93f94',
     'X-AH-API-CLIENT-ID': 'f4d129a2',
     'X-AH-API-CLIENT-REDIRECT-URI': 'https://127.0.0.1:3443/conf/api/reg',
     Authorization: 'Bearer SMMN8XuTstHBalGbtgvlo8lkyiJ2fl5Of4d129a2' } }
{ host: 'cloud-va.aerohive.com',
  port: 443,
  path: '/xapi/v1/clientlocation/clientcount?ownerId=1198&location=5145370822272&startTime=2016-01-24T00:00:00.000Z&endTime=2016-01-31T00:00:00.000Z',
  method: 'GET',
  headers: 
   { 'X-AH-API-CLIENT-SECRET': '30d58fb77a55ea5593c396cae8b93f94',
     'X-AH-API-CLIENT-ID': 'f4d129a2',
     'X-AH-API-CLIENT-REDIRECT-URI': 'https://127.0.0.1:3443/conf/api/reg',
     Authorization: 'Bearer SMMN8XuTstHBalGbtgvlo8lkyiJ2fl5Of4d129a2' } }
{ host: 'cloud-va.aerohive.com',
  port: 443,
  path: '/xapi/v1/clientlocation/clientcount?ownerId=1198&location=5145370822272&startTime=2016-01-17T00:00:00.000Z&endTime=2016-01-24T00:00:00.000Z',
  method: 'GET',
  headers: 
   { 'X-AH-API-CLIENT-SECRET': '30d58fb77a55ea5593c396cae8b93f94',
     'X-AH-API-CLIENT-ID': 'f4d129a2',
     'X-AH-API-CLIENT-REDIRECT-URI': 'https://127.0.0.1:3443/conf/api/reg',
     Authorization: 'Bearer SMMN8XuTstHBalGbtgvlo8lkyiJ2fl5Of4d129a2' } }
{ host: 'cloud-va.aerohive.com',
  port: 443,
  path: '/xapi/v1/clientlocation/clientcount?ownerId=1198&location=5145370822272&startTime=2016-01-10T00:00:00.000Z&endTime=2016-01-17T00:00:00.000Z',
  method: 'GET',
  headers: 
   { 'X-AH-API-CLIENT-SECRET': '30d58fb77a55ea5593c396cae8b93f94',
     'X-AH-API-CLIENT-ID': 'f4d129a2',
     'X-AH-API-CLIENT-REDIRECT-URI': 'https://127.0.0.1:3443/conf/api/reg',
     Authorization: 'Bearer SMMN8XuTstHBalGbtgvlo8lkyiJ2fl5Of4d129a2' } }
{ host: 'cloud-va.aerohive.com',
  port: 443,
  path: '/xapi/v1/clientlocation/clienttimeseries?ownerId=1198&location=5145370822272&startTime=2016-02-14T00:00:00.000Z&endTime=2016-02-21T00:00:00.000Z&timeUnit=OneHour',
  method: 'GET',
  headers: 
   { 'X-AH-API-CLIENT-SECRET': '30d58fb77a55ea5593c396cae8b93f94',
     'X-AH-API-CLIENT-ID': 'f4d129a2',
     'X-AH-API-CLIENT-REDIRECT-URI': 'https://127.0.0.1:3443/conf/api/reg',
     Authorization: 'Bearer SMMN8XuTstHBalGbtgvlo8lkyiJ2fl5Of4d129a2' } }
{ host: 'cloud-va.aerohive.com',
  port: 443,
  path: '/xapi/v1/clientlocation/clienttimeseries?ownerId=1198&location=5145370822272&startTime=2016-02-07T00:00:00.000Z&endTime=2016-02-14T00:00:00.000Z&timeUnit=OneHour',
  method: 'GET',
  headers: 
   { 'X-AH-API-CLIENT-SECRET': '30d58fb77a55ea5593c396cae8b93f94',
     'X-AH-API-CLIENT-ID': 'f4d129a2',
     'X-AH-API-CLIENT-REDIRECT-URI': 'https://127.0.0.1:3443/conf/api/reg',
     Authorization: 'Bearer SMMN8XuTstHBalGbtgvlo8lkyiJ2fl5Of4d129a2' } }
{ host: 'cloud-va.aerohive.com',
  port: 443,
  path: '/xapi/v1/clientlocation/clienttimeseries?ownerId=1198&location=5145370822272&startTime=2016-01-31T00:00:00.000Z&endTime=2016-02-07T00:00:00.000Z&timeUnit=OneHour',
  method: 'GET',
  headers: 
   { 'X-AH-API-CLIENT-SECRET': '30d58fb77a55ea5593c396cae8b93f94',
     'X-AH-API-CLIENT-ID': 'f4d129a2',
     'X-AH-API-CLIENT-REDIRECT-URI': 'https://127.0.0.1:3443/conf/api/reg',
     Authorization: 'Bearer SMMN8XuTstHBalGbtgvlo8lkyiJ2fl5Of4d129a2' } }
{ host: 'cloud-va.aerohive.com',
  port: 443,
  path: '/xapi/v1/clientlocation/clienttimeseries?ownerId=1198&location=5145370822272&startTime=2016-01-24T00:00:00.000Z&endTime=2016-01-31T00:00:00.000Z&timeUnit=OneHour',
  method: 'GET',
  headers: 
   { 'X-AH-API-CLIENT-SECRET': '30d58fb77a55ea5593c396cae8b93f94',
     'X-AH-API-CLIENT-ID': 'f4d129a2',
     'X-AH-API-CLIENT-REDIRECT-URI': 'https://127.0.0.1:3443/conf/api/reg',
     Authorization: 'Bearer SMMN8XuTstHBalGbtgvlo8lkyiJ2fl5Of4d129a2' } }
{ host: 'cloud-va.aerohive.com',
  port: 443,
  path: '/xapi/v1/clientlocation/clienttimeseries?ownerId=1198&location=5145370822272&startTime=2016-01-17T00:00:00.000Z&endTime=2016-01-24T00:00:00.000Z&timeUnit=OneHour',
  method: 'GET',
  headers: 
   { 'X-AH-API-CLIENT-SECRET': '30d58fb77a55ea5593c396cae8b93f94',
     'X-AH-API-CLIENT-ID': 'f4d129a2',
     'X-AH-API-CLIENT-REDIRECT-URI': 'https://127.0.0.1:3443/conf/api/reg',
     Authorization: 'Bearer SMMN8XuTstHBalGbtgvlo8lkyiJ2fl5Of4d129a2' } }
{ host: 'cloud-va.aerohive.com',
  port: 443,
  path: '/xapi/v1/clientlocation/clienttimeseries?ownerId=1198&location=5145370822272&startTime=2016-01-10T00:00:00.000Z&endTime=2016-01-17T00:00:00.000Z&timeUnit=OneHour',
  method: 'GET',
  headers: 
   { 'X-AH-API-CLIENT-SECRET': '30d58fb77a55ea5593c396cae8b93f94',
     'X-AH-API-CLIENT-ID': 'f4d129a2',
     'X-AH-API-CLIENT-REDIRECT-URI': 'https://127.0.0.1:3443/conf/api/reg',
     Authorization: 'Bearer SMMN8XuTstHBalGbtgvlo8lkyiJ2fl5Of4d129a2' } }
STATUS: 200
HEADERS: {"content-type":"application/json","date":"Sun, 21 Feb 2016 20:21:10 GMT","server":"nginx","strict-transport-security":"max-age=31536000;includeSubDomains","content-length":"141","connection":"Close"}
STATUS: 200
HEADERS: {"content-type":"application/json","date":"Sun, 21 Feb 2016 20:21:11 GMT","server":"nginx","strict-transport-security":"max-age=31536000;includeSubDomains","content-length":"141","connection":"Close"}
STATUS: 200
HEADERS: {"content-type":"application/json","date":"Sun, 21 Feb 2016 20:21:11 GMT","server":"nginx","strict-transport-security":"max-age=31536000;includeSubDomains","content-length":"139","connection":"Close"}
STATUS: 200
HEADERS: {"content-type":"application/json","date":"Sun, 21 Feb 2016 20:21:11 GMT","server":"nginx","strict-transport-security":"max-age=31536000;includeSubDomains","content-length":"139","connection":"Close"}
STATUS: 200
HEADERS: {"content-type":"application/json","date":"Sun, 21 Feb 2016 20:21:11 GMT","server":"nginx","strict-transport-security":"max-age=31536000;includeSubDomains","content-length":"24333","connection":"Close"}
====================5
[ { time: '2016-01-10T00:00:00.000Z',
    uniqueClients: 40,
    engagedClients: 26,
    passersbyClients: 14,
    associatedClients: 0,
    unassociatedClients: 40 },
  { time: '2016-01-10T01:00:00.000Z',
    uniqueClients: 30,
    engagedClients: 18,
    passersbyClients: 12,
    associatedClients: 0,
    unassociatedClients: 30 },
  { time: '2016-01-10T02:00:00.000Z',
    uniqueClients: 37,
    engagedClients: 22,
    passersbyClients: 15,
    associatedClients: 0,
    unassociatedClients: 37 },
  { time: '2016-01-10T03:00:00.000Z',
    uniqueClients: 30,
    engagedClients: 19,
    passersbyClients: 11,
    associatedClients: 0,
    unassociatedClients: 30 },
  { time: '2016-01-10T04:00:00.000Z',
    uniqueClients: 30,
    engagedClients: 22,
    passersbyClients: 8,
    associatedClients: 0,
    unassociatedClients: 30 },
  { time: '2016-01-10T05:00:00.000Z',
    uniqueClients: 28,
    engagedClients: 19,
    passersbyClients: 9,
    associatedClients: 0,
    unassociatedClients: 28 },
  { time: '2016-01-10T06:00:00.000Z',
    uniqueClients: 35,
    engagedClients: 20,
    passersbyClients: 15,
    associatedClients: 0,
    unassociatedClients: 35 },
  { time: '2016-01-10T07:00:00.000Z',
    uniqueClients: 37,
    engagedClients: 20,
    passersbyClients: 17,
    associatedClients: 0,
    unassociatedClients: 37 },
  { time: '2016-01-10T08:00:00.000Z',
    uniqueClients: 50,
    engagedClients: 23,
    passersbyClients: 27,
    associatedClients: 0,
    unassociatedClients: 50 },
  { time: '2016-01-10T09:00:00.000Z',
    uniqueClients: 37,
    engagedClients: 24,
    passersbyClients: 13,
    associatedClients: 0,
    unassociatedClients: 37 },
  { time: '2016-01-10T10:00:00.000Z',
    uniqueClients: 51,
    engagedClients: 22,
    passersbyClients: 29,
    associatedClients: 0,
    unassociatedClients: 51 },
  { time: '2016-01-10T11:00:00.000Z',
    uniqueClients: 40,
    engagedClients: 17,
    passersbyClients: 23,
    associatedClients: 0,
    unassociatedClients: 40 },
  { time: '2016-01-10T12:00:00.000Z',
    uniqueClients: 33,
    engagedClients: 23,
    passersbyClients: 10,
    associatedClients: 0,
    unassociatedClients: 33 },
  { time: '2016-01-10T13:00:00.000Z',
    uniqueClients: 36,
    engagedClients: 25,
    passersbyClients: 11,
    associatedClients: 0,
    unassociatedClients: 36 },
  { time: '2016-01-10T14:00:00.000Z',
    uniqueClients: 44,
    engagedClients: 24,
    passersbyClients: 20,
    associatedClients: 0,
    unassociatedClients: 44 },
  { time: '2016-01-10T15:00:00.000Z',
    uniqueClients: 43,
    engagedClients: 26,
    passersbyClients: 17,
    associatedClients: 0,
    unassociatedClients: 43 },
  { time: '2016-01-10T16:00:00.000Z',
    uniqueClients: 39,
    engagedClients: 30,
    passersbyClients: 9,
    associatedClients: 0,
    unassociatedClients: 39 },
  { time: '2016-01-10T17:00:00.000Z',
    uniqueClients: 54,
    engagedClients: 42,
    passersbyClients: 12,
    associatedClients: 0,
    unassociatedClients: 54 },
  { time: '2016-01-10T18:00:00.000Z',
    uniqueClients: 49,
    engagedClients: 32,
    passersbyClients: 17,
    associatedClients: 0,
    unassociatedClients: 49 },
  { time: '2016-01-10T19:00:00.000Z',
    uniqueClients: 39,
    engagedClients: 28,
    passersbyClients: 11,
    associatedClients: 0,
    unassociatedClients: 39 },
  { time: '2016-01-10T20:00:00.000Z',
    uniqueClients: 40,
    engagedClients: 29,
    passersbyClients: 11,
    associatedClients: 0,
    unassociatedClients: 40 },
  { time: '2016-01-10T21:00:00.000Z',
    uniqueClients: 41,
    engagedClients: 32,
    passersbyClients: 9,
    associatedClients: 0,
    unassociatedClients: 41 },
  { time: '2016-01-10T22:00:00.000Z',
    uniqueClients: 33,
    engagedClients: 28,
    passersbyClients: 5,
    associatedClients: 0,
    unassociatedClients: 33 },
  { time: '2016-01-10T23:00:00.000Z',
    uniqueClients: 31,
    engagedClients: 25,
    passersbyClients: 6,
    associatedClients: 0,
    unassociatedClients: 31 },
  { time: '2016-01-11T00:00:00.000Z',
    uniqueClients: 24,
    engagedClients: 21,
    passersbyClients: 3,
    associatedClients: 0,
    unassociatedClients: 24 },
  { time: '2016-01-11T01:00:00.000Z',
    uniqueClients: 22,
    engagedClients: 21,
    passersbyClients: 1,
    associatedClients: 0,
    unassociatedClients: 22 },
  { time: '2016-01-11T02:00:00.000Z',
    uniqueClients: 24,
    engagedClients: 21,
    passersbyClients: 3,
    associatedClients: 0,
    unassociatedClients: 24 },
  { time: '2016-01-11T03:00:00.000Z',
    uniqueClients: 25,
    engagedClients: 22,
    passersbyClients: 3,
    associatedClients: 0,
    unassociatedClients: 25 },
  { time: '2016-01-11T04:00:00.000Z',
    uniqueClients: 27,
    engagedClients: 21,
    passersbyClients: 6,
    associatedClients: 0,
    unassociatedClients: 27 },
  { time: '2016-01-11T05:00:00.000Z',
    uniqueClients: 25,
    engagedClients: 21,
    passersbyClients: 4,
    associatedClients: 0,
    unassociatedClients: 25 },
  { time: '2016-01-11T06:00:00.000Z',
    uniqueClients: 43,
    engagedClients: 27,
    passersbyClients: 16,
    associatedClients: 0,
    unassociatedClients: 43 },
  { time: '2016-01-11T07:00:00.000Z',
    uniqueClients: 56,
    engagedClients: 32,
    passersbyClients: 24,
    associatedClients: 0,
    unassociatedClients: 56 },
  { time: '2016-01-11T08:00:00.000Z',
    uniqueClients: 64,
    engagedClients: 38,
    passersbyClients: 26,
    associatedClients: 0,
    unassociatedClients: 64 },
  { time: '2016-01-11T09:00:00.000Z',
    uniqueClients: 60,
    engagedClients: 38,
    passersbyClients: 22,
    associatedClients: 0,
    unassociatedClients: 60 },
  { time: '2016-01-11T10:00:00.000Z',
    uniqueClients: 39,
    engagedClients: 30,
    passersbyClients: 9,
    associatedClients: 0,
    unassociatedClients: 39 },
  { time: '2016-01-11T11:00:00.000Z',
    uniqueClients: 45,
    engagedClients: 30,
    passersbyClients: 15,
    associatedClients: 0,
    unassociatedClients: 45 },
  { time: '2016-01-11T12:00:00.000Z',
    uniqueClients: 64,
    engagedClients: 37,
    passersbyClients: 27,
    associatedClients: 0,
    unassociatedClients: 64 },
  { time: '2016-01-11T13:00:00.000Z',
    uniqueClients: 66,
    engagedClients: 46,
    passersbyClients: 20,
    associatedClients: 0,
    unassociatedClients: 66 },
  { time: '2016-01-11T14:00:00.000Z',
    uniqueClients: 51,
    engagedClients: 42,
    passersbyClients: 9,
    associatedClients: 0,
    unassociatedClients: 51 },
  { time: '2016-01-11T15:00:00.000Z',
    uniqueClients: 51,
    engagedClients: 40,
    passersbyClients: 11,
    associatedClients: 0,
    unassociatedClients: 51 },
  { time: '2016-01-11T16:00:00.000Z',
    uniqueClients: 68,
    engagedClients: 40,
    passersbyClients: 28,
    associatedClients: 0,
    unassociatedClients: 68 },
  { time: '2016-01-11T17:00:00.000Z',
    uniqueClients: 49,
    engagedClients: 37,
    passersbyClients: 12,
    associatedClients: 0,
    unassociatedClients: 49 },
  { time: '2016-01-11T18:00:00.000Z',
    uniqueClients: 56,
    engagedClients: 39,
    passersbyClients: 17,
    associatedClients: 0,
    unassociatedClients: 56 },
  { time: '2016-01-11T19:00:00.000Z',
    uniqueClients: 40,
    engagedClients: 33,
    passersbyClients: 7,
    associatedClients: 0,
    unassociatedClients: 40 },
  { time: '2016-01-11T20:00:00.000Z',
    uniqueClients: 42,
    engagedClients: 31,
    passersbyClients: 11,
    associatedClients: 0,
    unassociatedClients: 42 },
  { time: '2016-01-11T21:00:00.000Z',
    uniqueClients: 40,
    engagedClients: 34,
    passersbyClients: 6,
    associatedClients: 0,
    unassociatedClients: 40 },
  { time: '2016-01-11T22:00:00.000Z',
    uniqueClients: 44,
    engagedClients: 34,
    passersbyClients: 10,
    associatedClients: 0,
    unassociatedClients: 44 },
  { time: '2016-01-11T23:00:00.000Z',
    uniqueClients: 33,
    engagedClients: 31,
    passersbyClients: 2,
    associatedClients: 0,
    unassociatedClients: 33 },
  { time: '2016-01-12T00:00:00.000Z',
    uniqueClients: 27,
    engagedClients: 24,
    passersbyClients: 3,
    associatedClients: 0,
    unassociatedClients: 27 },
  { time: '2016-01-12T01:00:00.000Z',
    uniqueClients: 29,
    engagedClients: 26,
    passersbyClients: 3,
    associatedClients: 0,
    unassociatedClients: 29 },
  { time: '2016-01-12T02:00:00.000Z',
    uniqueClients: 28,
    engagedClients: 25,
    passersbyClients: 3,
    associatedClients: 0,
    unassociatedClients: 28 },
  { time: '2016-01-12T03:00:00.000Z',
    uniqueClients: 27,
    engagedClients: 24,
    passersbyClients: 3,
    associatedClients: 0,
    unassociatedClients: 27 },
  { time: '2016-01-12T04:00:00.000Z',
    uniqueClients: 25,
    engagedClients: 22,
    passersbyClients: 3,
    associatedClients: 0,
    unassociatedClients: 25 },
  { time: '2016-01-12T05:00:00.000Z',
    uniqueClients: 32,
    engagedClients: 25,
    passersbyClients: 7,
    associatedClients: 0,
    unassociatedClients: 32 },
  { time: '2016-01-12T06:00:00.000Z',
    uniqueClients: 50,
    engagedClients: 26,
    passersbyClients: 24,
    associatedClients: 0,
    unassociatedClients: 50 },
  { time: '2016-01-12T07:00:00.000Z',
    uniqueClients: 58,
    engagedClients: 34,
    passersbyClients: 24,
    associatedClients: 0,
    unassociatedClients: 58 },
  { time: '2016-01-12T08:00:00.000Z',
    uniqueClients: 43,
    engagedClients: 27,
    passersbyClients: 16,
    associatedClients: 0,
    unassociatedClients: 43 },
  { time: '2016-01-12T09:00:00.000Z',
    uniqueClients: 31,
    engagedClients: 25,
    passersbyClients: 6,
    associatedClients: 0,
    unassociatedClients: 31 },
  { time: '2016-01-12T10:00:00.000Z',
    uniqueClients: 31,
    engagedClients: 19,
    passersbyClients: 12,
    associatedClients: 0,
    unassociatedClients: 31 },
  { time: '2016-01-12T11:00:00.000Z',
    uniqueClients: 36,
    engagedClients: 16,
    passersbyClients: 20,
    associatedClients: 0,
    unassociatedClients: 36 },
  { time: '2016-01-12T12:00:00.000Z',
    uniqueClients: 37,
    engagedClients: 22,
    passersbyClients: 15,
    associatedClients: 0,
    unassociatedClients: 37 },
  { time: '2016-01-12T13:00:00.000Z',
    uniqueClients: 19,
    engagedClients: 13,
    passersbyClients: 6,
    associatedClients: 0,
    unassociatedClients: 19 },
  { time: '2016-01-12T14:00:00.000Z',
    uniqueClients: 17,
    engagedClients: 12,
    passersbyClients: 5,
    associatedClients: 0,
    unassociatedClients: 17 },
  { time: '2016-01-12T15:00:00.000Z',
    uniqueClients: 28,
    engagedClients: 16,
    passersbyClients: 12,
    associatedClients: 0,
    unassociatedClients: 28 },
  { time: '2016-01-12T16:00:00.000Z',
    uniqueClients: 27,
    engagedClients: 15,
    passersbyClients: 12,
    associatedClients: 0,
    unassociatedClients: 27 },
  { time: '2016-01-12T17:00:00.000Z',
    uniqueClients: 31,
    engagedClients: 17,
    passersbyClients: 14,
    associatedClients: 0,
    unassociatedClients: 31 },
  { time: '2016-01-12T18:00:00.000Z',
    uniqueClients: 39,
    engagedClients: 21,
    passersbyClients: 18,
    associatedClients: 0,
    unassociatedClients: 39 },
  { time: '2016-01-12T19:00:00.000Z',
    uniqueClients: 39,
    engagedClients: 31,
    passersbyClients: 8,
    associatedClients: 0,
    unassociatedClients: 39 },
  { time: '2016-01-12T20:00:00.000Z',
    uniqueClients: 48,
    engagedClients: 30,
    passersbyClients: 18,
    associatedClients: 0,
    unassociatedClients: 48 },
  { time: '2016-01-12T21:00:00.000Z',
    uniqueClients: 40,
    engagedClients: 34,
    passersbyClients: 6,
    associatedClients: 0,
    unassociatedClients: 40 },
  { time: '2016-01-12T22:00:00.000Z',
    uniqueClients: 32,
    engagedClients: 29,
    passersbyClients: 3,
    associatedClients: 0,
    unassociatedClients: 32 },
  { time: '2016-01-12T23:00:00.000Z',
    uniqueClients: 33,
    engagedClients: 28,
    passersbyClients: 5,
    associatedClients: 0,
    unassociatedClients: 33 },
  { time: '2016-01-13T00:00:00.000Z',
    uniqueClients: 22,
    engagedClients: 16,
    passersbyClients: 6,
    associatedClients: 0,
    unassociatedClients: 22 },
  { time: '2016-01-13T01:00:00.000Z',
    uniqueClients: 28,
    engagedClients: 26,
    passersbyClients: 2,
    associatedClients: 0,
    unassociatedClients: 28 },
  { time: '2016-01-13T02:00:00.000Z',
    uniqueClients: 30,
    engagedClients: 25,
    passersbyClients: 5,
    associatedClients: 0,
    unassociatedClients: 30 },
  { time: '2016-01-13T03:00:00.000Z',
    uniqueClients: 33,
    engagedClients: 27,
    passersbyClients: 6,
    associatedClients: 0,
    unassociatedClients: 33 },
  { time: '2016-01-13T04:00:00.000Z',
    uniqueClients: 30,
    engagedClients: 27,
    passersbyClients: 3,
    associatedClients: 0,
    unassociatedClients: 30 },
  { time: '2016-01-13T05:00:00.000Z',
    uniqueClients: 32,
    engagedClients: 29,
    passersbyClients: 3,
    associatedClients: 0,
    unassociatedClients: 32 },
  { time: '2016-01-13T06:00:00.000Z',
    uniqueClients: 47,
    engagedClients: 33,
    passersbyClients: 14,
    associatedClients: 0,
    unassociatedClients: 47 },
  { time: '2016-01-13T07:00:00.000Z',
    uniqueClients: 60,
    engagedClients: 32,
    passersbyClients: 28,
    associatedClients: 0,
    unassociatedClients: 60 },
  { time: '2016-01-13T08:00:00.000Z',
    uniqueClients: 49,
    engagedClients: 35,
    passersbyClients: 14,
    associatedClients: 0,
    unassociatedClients: 49 },
  { time: '2016-01-13T09:00:00.000Z',
    uniqueClients: 49,
    engagedClients: 26,
    passersbyClients: 23,
    associatedClients: 0,
    unassociatedClients: 49 },
  { time: '2016-01-13T10:00:00.000Z',
    uniqueClients: 41,
    engagedClients: 27,
    passersbyClients: 14,
    associatedClients: 0,
    unassociatedClients: 41 },
  { time: '2016-01-13T11:00:00.000Z',
    uniqueClients: 31,
    engagedClients: 21,
    passersbyClients: 10,
    associatedClients: 0,
    unassociatedClients: 31 },
  { time: '2016-01-13T12:00:00.000Z',
    uniqueClients: 39,
    engagedClients: 21,
    passersbyClients: 18,
    associatedClients: 0,
    unassociatedClients: 39 },
  { time: '2016-01-13T13:00:00.000Z',
    uniqueClients: 36,
    engagedClients: 17,
    passersbyClients: 19,
    associatedClients: 0,
    unassociatedClients: 36 },
  { time: '2016-01-13T14:00:00.000Z',
    uniqueClients: 19,
    engagedClients: 14,
    passersbyClients: 5,
    associatedClients: 0,
    unassociatedClients: 19 },
  { time: '2016-01-13T15:00:00.000Z',
    uniqueClients: 31,
    engagedClients: 20,
    passersbyClients: 11,
    associatedClients: 0,
    unassociatedClients: 31 },
  { time: '2016-01-13T16:00:00.000Z',
    uniqueClients: 38,
    engagedClients: 22,
    passersbyClients: 16,
    associatedClients: 0,
    unassociatedClients: 38 },
  { time: '2016-01-13T17:00:00.000Z',
    uniqueClients: 41,
    engagedClients: 25,
    passersbyClients: 16,
    associatedClients: 0,
    unassociatedClients: 41 },
  { time: '2016-01-13T18:00:00.000Z',
    uniqueClients: 42,
    engagedClients: 23,
    passersbyClients: 19,
    associatedClients: 0,
    unassociatedClients: 42 },
  { time: '2016-01-13T19:00:00.000Z',
    uniqueClients: 33,
    engagedClients: 22,
    passersbyClients: 11,
    associatedClients: 0,
    unassociatedClients: 33 },
  { time: '2016-01-13T20:00:00.000Z',
    uniqueClients: 47,
    engagedClients: 30,
    passersbyClients: 17,
    associatedClients: 0,
    unassociatedClients: 47 },
  { time: '2016-01-13T21:00:00.000Z',
    uniqueClients: 37,
    engagedClients: 32,
    passersbyClients: 5,
    associatedClients: 0,
    unassociatedClients: 37 },
  { time: '2016-01-13T22:00:00.000Z',
    uniqueClients: 38,
    engagedClients: 29,
    passersbyClients: 9,
    associatedClients: 0,
    unassociatedClients: 38 },
  { time: '2016-01-13T23:00:00.000Z',
    uniqueClients: 34,
    engagedClients: 27,
    passersbyClients: 7,
    associatedClients: 0,
    unassociatedClients: 34 },
  { time: '2016-01-14T00:00:00.000Z',
    uniqueClients: 29,
    engagedClients: 26,
    passersbyClients: 3,
    associatedClients: 0,
    unassociatedClients: 29 },
  { time: '2016-01-14T01:00:00.000Z',
    uniqueClients: 25,
    engagedClients: 21,
    passersbyClients: 4,
    associatedClients: 0,
    unassociatedClients: 25 },
  { time: '2016-01-14T02:00:00.000Z',
    uniqueClients: 28,
    engagedClients: 26,
    passersbyClients: 2,
    associatedClients: 0,
    unassociatedClients: 28 },
  { time: '2016-01-14T03:00:00.000Z',
    uniqueClients: 31,
    engagedClients: 27,
    passersbyClients: 4,
    associatedClients: 0,
    unassociatedClients: 31 },
  { time: '2016-01-14T04:00:00.000Z',
    uniqueClients: 32,
    engagedClients: 28,
    passersbyClients: 4,
    associatedClients: 0,
    unassociatedClients: 32 },
  { time: '2016-01-14T05:00:00.000Z',
    uniqueClients: 33,
    engagedClients: 30,
    passersbyClients: 3,
    associatedClients: 0,
    unassociatedClients: 33 },
  { time: '2016-01-14T06:00:00.000Z',
    uniqueClients: 33,
    engagedClients: 23,
    passersbyClients: 10,
    associatedClients: 0,
    unassociatedClients: 33 },
  { time: '2016-01-14T07:00:00.000Z',
    uniqueClients: 32,
    engagedClients: 17,
    passersbyClients: 15,
    associatedClients: 0,
    unassociatedClients: 32 },
  { time: '2016-01-14T08:00:00.000Z',
    uniqueClients: 34,
    engagedClients: 21,
    passersbyClients: 13,
    associatedClients: 0,
    unassociatedClients: 34 },
  { time: '2016-01-14T09:00:00.000Z',
    uniqueClients: 43,
    engagedClients: 23,
    passersbyClients: 20,
    associatedClients: 0,
    unassociatedClients: 43 },
  { time: '2016-01-14T10:00:00.000Z',
    uniqueClients: 35,
    engagedClients: 24,
    passersbyClients: 11,
    associatedClients: 0,
    unassociatedClients: 35 },
  { time: '2016-01-14T11:00:00.000Z',
    uniqueClients: 37,
    engagedClients: 20,
    passersbyClients: 17,
    associatedClients: 0,
    unassociatedClients: 37 },
  { time: '2016-01-14T12:00:00.000Z',
    uniqueClients: 29,
    engagedClients: 14,
    passersbyClients: 15,
    associatedClients: 0,
    unassociatedClients: 29 },
  { time: '2016-01-14T13:00:00.000Z',
    uniqueClients: 25,
    engagedClients: 12,
    passersbyClients: 13,
    associatedClients: 0,
    unassociatedClients: 25 },
  { time: '2016-01-14T14:00:00.000Z',
    uniqueClients: 24,
    engagedClients: 18,
    passersbyClients: 6,
    associatedClients: 0,
    unassociatedClients: 24 },
  { time: '2016-01-14T15:00:00.000Z',
    uniqueClients: 31,
    engagedClients: 21,
    passersbyClients: 10,
    associatedClients: 0,
    unassociatedClients: 31 },
  { time: '2016-01-14T16:00:00.000Z',
    uniqueClients: 56,
    engagedClients: 28,
    passersbyClients: 28,
    associatedClients: 0,
    unassociatedClients: 56 },
  { time: '2016-01-14T17:00:00.000Z',
    uniqueClients: 54,
    engagedClients: 33,
    passersbyClients: 21,
    associatedClients: 0,
    unassociatedClients: 54 },
  { time: '2016-01-14T18:00:00.000Z',
    uniqueClients: 47,
    engagedClients: 28,
    passersbyClients: 19,
    associatedClients: 0,
    unassociatedClients: 47 },
  { time: '2016-01-14T19:00:00.000Z',
    uniqueClients: 54,
    engagedClients: 37,
    passersbyClients: 17,
    associatedClients: 0,
    unassociatedClients: 54 },
  { time: '2016-01-14T20:00:00.000Z',
    uniqueClients: 50,
    engagedClients: 37,
    passersbyClients: 13,
    associatedClients: 0,
    unassociatedClients: 50 },
  { time: '2016-01-14T21:00:00.000Z',
    uniqueClients: 41,
    engagedClients: 36,
    passersbyClients: 5,
    associatedClients: 0,
    unassociatedClients: 41 },
  { time: '2016-01-14T22:00:00.000Z',
    uniqueClients: 49,
    engagedClients: 32,
    passersbyClients: 17,
    associatedClients: 0,
    unassociatedClients: 49 },
  { time: '2016-01-14T23:00:00.000Z',
    uniqueClients: 41,
    engagedClients: 25,
    passersbyClients: 16,
    associatedClients: 0,
    unassociatedClients: 41 },
  { time: '2016-01-15T00:00:00.000Z',
    uniqueClients: 40,
    engagedClients: 24,
    passersbyClients: 16,
    associatedClients: 0,
    unassociatedClients: 40 },
  { time: '2016-01-15T01:00:00.000Z',
    uniqueClients: 35,
    engagedClients: 22,
    passersbyClients: 13,
    associatedClients: 0,
    unassociatedClients: 35 },
  { time: '2016-01-15T02:00:00.000Z',
    uniqueClients: 42,
    engagedClients: 23,
    passersbyClients: 19,
    associatedClients: 0,
    unassociatedClients: 42 },
  { time: '2016-01-15T03:00:00.000Z',
    uniqueClients: 43,
    engagedClients: 27,
    passersbyClients: 16,
    associatedClients: 0,
    unassociatedClients: 43 },
  { time: '2016-01-15T04:00:00.000Z',
    uniqueClients: 40,
    engagedClients: 26,
    passersbyClients: 14,
    associatedClients: 0,
    unassociatedClients: 40 },
  { time: '2016-01-15T05:00:00.000Z',
    uniqueClients: 49,
    engagedClients: 29,
    passersbyClients: 20,
    associatedClients: 0,
    unassociatedClients: 49 },
  { time: '2016-01-15T06:00:00.000Z',
    uniqueClients: 52,
    engagedClients: 25,
    passersbyClients: 27,
    associatedClients: 0,
    unassociatedClients: 52 },
  { time: '2016-01-15T07:00:00.000Z',
    uniqueClients: 67,
    engagedClients: 34,
    passersbyClients: 33,
    associatedClients: 0,
    unassociatedClients: 67 },
  { time: '2016-01-15T08:00:00.000Z',
    uniqueClients: 25,
    engagedClients: 16,
    passersbyClients: 9,
    associatedClients: 0,
    unassociatedClients: 25 },
  { time: '2016-01-15T09:00:00.000Z',
    uniqueClients: 29,
    engagedClients: 15,
    passersbyClients: 14,
    associatedClients: 0,
    unassociatedClients: 29 },
  { time: '2016-01-15T10:00:00.000Z',
    uniqueClients: 33,
    engagedClients: 21,
    passersbyClients: 12,
    associatedClients: 0,
    unassociatedClients: 33 },
  { time: '2016-01-15T11:00:00.000Z',
    uniqueClients: 41,
    engagedClients: 25,
    passersbyClients: 16,
    associatedClients: 0,
    unassociatedClients: 41 },
  { time: '2016-01-15T12:00:00.000Z',
    uniqueClients: 60,
    engagedClients: 36,
    passersbyClients: 24,
    associatedClients: 0,
    unassociatedClients: 60 },
  { time: '2016-01-15T13:00:00.000Z',
    uniqueClients: 58,
    engagedClients: 36,
    passersbyClients: 22,
    associatedClients: 0,
    unassociatedClients: 58 },
  { time: '2016-01-15T14:00:00.000Z',
    uniqueClients: 65,
    engagedClients: 38,
    passersbyClients: 27,
    associatedClients: 0,
    unassociatedClients: 65 },
  { time: '2016-01-15T15:00:00.000Z',
    uniqueClients: 63,
    engagedClients: 43,
    passersbyClients: 20,
    associatedClients: 0,
    unassociatedClients: 63 },
  { time: '2016-01-15T16:00:00.000Z',
    uniqueClients: 52,
    engagedClients: 23,
    passersbyClients: 29,
    associatedClients: 0,
    unassociatedClients: 52 },
  { time: '2016-01-15T17:00:00.000Z',
    uniqueClients: 67,
    engagedClients: 38,
    passersbyClients: 29,
    associatedClients: 0,
    unassociatedClients: 67 },
  { time: '2016-01-15T18:00:00.000Z',
    uniqueClients: 63,
    engagedClients: 34,
    passersbyClients: 29,
    associatedClients: 0,
    unassociatedClients: 63 },
  { time: '2016-01-15T19:00:00.000Z',
    uniqueClients: 71,
    engagedClients: 36,
    passersbyClients: 35,
    associatedClients: 0,
    unassociatedClients: 71 },
  { time: '2016-01-15T20:00:00.000Z',
    uniqueClients: 60,
    engagedClients: 35,
    passersbyClients: 25,
    associatedClients: 0,
    unassociatedClients: 60 },
  { time: '2016-01-15T21:00:00.000Z',
    uniqueClients: 55,
    engagedClients: 34,
    passersbyClients: 21,
    associatedClients: 0,
    unassociatedClients: 55 },
  { time: '2016-01-15T22:00:00.000Z',
    uniqueClients: 51,
    engagedClients: 30,
    passersbyClients: 21,
    associatedClients: 0,
    unassociatedClients: 51 },
  { time: '2016-01-15T23:00:00.000Z',
    uniqueClients: 45,
    engagedClients: 26,
    passersbyClients: 19,
    associatedClients: 0,
    unassociatedClients: 45 },
  { time: '2016-01-16T00:00:00.000Z',
    uniqueClients: 41,
    engagedClients: 23,
    passersbyClients: 18,
    associatedClients: 0,
    unassociatedClients: 41 },
  { time: '2016-01-16T01:00:00.000Z',
    uniqueClients: 39,
    engagedClients: 25,
    passersbyClients: 14,
    associatedClients: 0,
    unassociatedClients: 39 },
  { time: '2016-01-16T02:00:00.000Z',
    uniqueClients: 41,
    engagedClients: 24,
    passersbyClients: 17,
    associatedClients: 0,
    unassociatedClients: 41 },
  { time: '2016-01-16T03:00:00.000Z',
    uniqueClients: 42,
    engagedClients: 22,
    passersbyClients: 20,
    associatedClients: 0,
    unassociatedClients: 42 },
  { time: '2016-01-16T04:00:00.000Z',
    uniqueClients: 44,
    engagedClients: 23,
    passersbyClients: 21,
    associatedClients: 0,
    unassociatedClients: 44 },
  { time: '2016-01-16T05:00:00.000Z',
    uniqueClients: 46,
    engagedClients: 22,
    passersbyClients: 24,
    associatedClients: 0,
    unassociatedClients: 46 },
  { time: '2016-01-16T06:00:00.000Z',
    uniqueClients: 44,
    engagedClients: 24,
    passersbyClients: 20,
    associatedClients: 0,
    unassociatedClients: 44 },
  { time: '2016-01-16T07:00:00.000Z',
    uniqueClients: 41,
    engagedClients: 25,
    passersbyClients: 16,
    associatedClients: 0,
    unassociatedClients: 41 },
  { time: '2016-01-16T08:00:00.000Z',
    uniqueClients: 51,
    engagedClients: 27,
    passersbyClients: 24,
    associatedClients: 0,
    unassociatedClients: 51 },
  { time: '2016-01-16T09:00:00.000Z',
    uniqueClients: 44,
    engagedClients: 25,
    passersbyClients: 19,
    associatedClients: 0,
    unassociatedClients: 44 },
  { time: '2016-01-16T10:00:00.000Z',
    uniqueClients: 55,
    engagedClients: 30,
    passersbyClients: 25,
    associatedClients: 0,
    unassociatedClients: 55 },
  { time: '2016-01-16T11:00:00.000Z',
    uniqueClients: 66,
    engagedClients: 33,
    passersbyClients: 33,
    associatedClients: 0,
    unassociatedClients: 66 },
  { time: '2016-01-16T12:00:00.000Z',
    uniqueClients: 64,
    engagedClients: 34,
    passersbyClients: 30,
    associatedClients: 0,
    unassociatedClients: 64 },
  { time: '2016-01-16T13:00:00.000Z',
    uniqueClients: 57,
    engagedClients: 37,
    passersbyClients: 20,
    associatedClients: 0,
    unassociatedClients: 57 },
  { time: '2016-01-16T14:00:00.000Z',
    uniqueClients: 66,
    engagedClients: 38,
    passersbyClients: 28,
    associatedClients: 0,
    unassociatedClients: 66 },
  { time: '2016-01-16T15:00:00.000Z',
    uniqueClients: 62,
    engagedClients: 34,
    passersbyClients: 28,
    associatedClients: 0,
    unassociatedClients: 62 },
  { time: '2016-01-16T16:00:00.000Z',
    uniqueClients: 70,
    engagedClients: 33,
    passersbyClients: 37,
    associatedClients: 0,
    unassociatedClients: 70 },
  { time: '2016-01-16T17:00:00.000Z',
    uniqueClients: 60,
    engagedClients: 34,
    passersbyClients: 26,
    associatedClients: 0,
    unassociatedClients: 60 },
  { time: '2016-01-16T18:00:00.000Z',
    uniqueClients: 75,
    engagedClients: 39,
    passersbyClients: 36,
    associatedClients: 0,
    unassociatedClients: 75 },
  { time: '2016-01-16T19:00:00.000Z',
    uniqueClients: 65,
    engagedClients: 34,
    passersbyClients: 31,
    associatedClients: 0,
    unassociatedClients: 65 },
  { time: '2016-01-16T20:00:00.000Z',
    uniqueClients: 58,
    engagedClients: 35,
    passersbyClients: 23,
    associatedClients: 0,
    unassociatedClients: 58 },
  { time: '2016-01-16T21:00:00.000Z',
    uniqueClients: 58,
    engagedClients: 30,
    passersbyClients: 28,
    associatedClients: 0,
    unassociatedClients: 58 },
  { time: '2016-01-16T22:00:00.000Z',
    uniqueClients: 51,
    engagedClients: 35,
    passersbyClients: 16,
    associatedClients: 0,
    unassociatedClients: 51 },
  { time: '2016-01-16T23:00:00.000Z',
    uniqueClients: 50,
    engagedClients: 26,
    passersbyClients: 24,
    associatedClients: 0,
    unassociatedClients: 50 },
  { time: '2016-01-17T00:00:00.000Z',
    uniqueClients: 45,
    engagedClients: 27,
    passersbyClients: 18,
    associatedClients: 0,
    unassociatedClients: 45 } ]
STATUS: 200
HEADERS: {"content-type":"application/json","date":"Sun, 21 Feb 2016 20:21:11 GMT","server":"nginx","strict-transport-security":"max-age=31536000;includeSubDomains","content-length":"24456","connection":"Close"}
STATUS: 200
HEADERS: {"content-type":"application/json","date":"Sun, 21 Feb 2016 20:21:11 GMT","server":"nginx","strict-transport-security":"max-age=31536000;includeSubDomains","transfer-encoding":"chunked","connection":"Close"}
STATUS: 200
HEADERS: {"content-type":"application/json","date":"Sun, 21 Feb 2016 20:21:11 GMT","server":"nginx","strict-transport-security":"max-age=31536000;includeSubDomains","transfer-encoding":"chunked","connection":"Close"}
STATUS: 200
HEADERS: {"content-type":"application/json","date":"Sun, 21 Feb 2016 20:21:11 GMT","server":"nginx","strict-transport-security":"max-age=31536000;includeSubDomains","transfer-encoding":"chunked","connection":"Close"}
====================4
[ { time: '2016-01-17T00:00:00.000Z',
    uniqueClients: 45,
    engagedClients: 27,
    passersbyClients: 18,
    associatedClients: 0,
    unassociatedClients: 45 },
  { time: '2016-01-17T01:00:00.000Z',
    uniqueClients: 41,
    engagedClients: 23,
    passersbyClients: 18,
    associatedClients: 0,
    unassociatedClients: 41 },
  { time: '2016-01-17T02:00:00.000Z',
    uniqueClients: 38,
    engagedClients: 23,
    passersbyClients: 15,
    associatedClients: 0,
    unassociatedClients: 38 },
  { time: '2016-01-17T03:00:00.000Z',
    uniqueClients: 38,
    engagedClients: 19,
    passersbyClients: 19,
    associatedClients: 0,
    unassociatedClients: 38 },
  { time: '2016-01-17T04:00:00.000Z',
    uniqueClients: 36,
    engagedClients: 20,
    passersbyClients: 16,
    associatedClients: 0,
    unassociatedClients: 36 },
  { time: '2016-01-17T05:00:00.000Z',
    uniqueClients: 35,
    engagedClients: 21,
    passersbyClients: 14,
    associatedClients: 0,
    unassociatedClients: 35 },
  { time: '2016-01-17T06:00:00.000Z',
    uniqueClients: 37,
    engagedClients: 21,
    passersbyClients: 16,
    associatedClients: 0,
    unassociatedClients: 37 },
  { time: '2016-01-17T07:00:00.000Z',
    uniqueClients: 41,
    engagedClients: 22,
    passersbyClients: 19,
    associatedClients: 0,
    unassociatedClients: 41 },
  { time: '2016-01-17T08:00:00.000Z',
    uniqueClients: 50,
    engagedClients: 22,
    passersbyClients: 28,
    associatedClients: 0,
    unassociatedClients: 50 },
  { time: '2016-01-17T09:00:00.000Z',
    uniqueClients: 59,
    engagedClients: 31,
    passersbyClients: 28,
    associatedClients: 0,
    unassociatedClients: 59 },
  { time: '2016-01-17T10:00:00.000Z',
    uniqueClients: 52,
    engagedClients: 31,
    passersbyClients: 21,
    associatedClients: 0,
    unassociatedClients: 52 },
  { time: '2016-01-17T11:00:00.000Z',
    uniqueClients: 48,
    engagedClients: 30,
    passersbyClients: 18,
    associatedClients: 0,
    unassociatedClients: 48 },
  { time: '2016-01-17T12:00:00.000Z',
    uniqueClients: 55,
    engagedClients: 33,
    passersbyClients: 22,
    associatedClients: 0,
    unassociatedClients: 55 },
  { time: '2016-01-17T13:00:00.000Z',
    uniqueClients: 44,
    engagedClients: 28,
    passersbyClients: 16,
    associatedClients: 0,
    unassociatedClients: 44 },
  { time: '2016-01-17T14:00:00.000Z',
    uniqueClients: 53,
    engagedClients: 33,
    passersbyClients: 20,
    associatedClients: 0,
    unassociatedClients: 53 },
  { time: '2016-01-17T15:00:00.000Z',
    uniqueClients: 57,
    engagedClients: 27,
    passersbyClients: 30,
    associatedClients: 0,
    unassociatedClients: 57 },
  { time: '2016-01-17T16:00:00.000Z',
    uniqueClients: 50,
    engagedClients: 25,
    passersbyClients: 25,
    associatedClients: 0,
    unassociatedClients: 50 },
  { time: '2016-01-17T17:00:00.000Z',
    uniqueClients: 57,
    engagedClients: 33,
    passersbyClients: 24,
    associatedClients: 0,
    unassociatedClients: 57 },
  { time: '2016-01-17T18:00:00.000Z',
    uniqueClients: 57,
    engagedClients: 39,
    passersbyClients: 18,
    associatedClients: 0,
    unassociatedClients: 57 },
  { time: '2016-01-17T19:00:00.000Z',
    uniqueClients: 57,
    engagedClients: 34,
    passersbyClients: 23,
    associatedClients: 0,
    unassociatedClients: 57 },
  { time: '2016-01-17T20:00:00.000Z',
    uniqueClients: 59,
    engagedClients: 41,
    passersbyClients: 18,
    associatedClients: 0,
    unassociatedClients: 59 },
  { time: '2016-01-17T21:00:00.000Z',
    uniqueClients: 58,
    engagedClients: 37,
    passersbyClients: 21,
    associatedClients: 0,
    unassociatedClients: 58 },
  { time: '2016-01-17T22:00:00.000Z',
    uniqueClients: 61,
    engagedClients: 37,
    passersbyClients: 24,
    associatedClients: 0,
    unassociatedClients: 61 },
  { time: '2016-01-17T23:00:00.000Z',
    uniqueClients: 52,
    engagedClients: 33,
    passersbyClients: 19,
    associatedClients: 0,
    unassociatedClients: 52 },
  { time: '2016-01-18T00:00:00.000Z',
    uniqueClients: 37,
    engagedClients: 23,
    passersbyClients: 14,
    associatedClients: 0,
    unassociatedClients: 37 },
  { time: '2016-01-18T01:00:00.000Z',
    uniqueClients: 40,
    engagedClients: 20,
    passersbyClients: 20,
    associatedClients: 0,
    unassociatedClients: 40 },
  { time: '2016-01-18T02:00:00.000Z',
    uniqueClients: 38,
    engagedClients: 20,
    passersbyClients: 18,
    associatedClients: 0,
    unassociatedClients: 38 },
  { time: '2016-01-18T03:00:00.000Z',
    uniqueClients: 36,
    engagedClients: 18,
    passersbyClients: 18,
    associatedClients: 0,
    unassociatedClients: 36 },
  { time: '2016-01-18T04:00:00.000Z',
    uniqueClients: 35,
    engagedClients: 17,
    passersbyClients: 18,
    associatedClients: 0,
    unassociatedClients: 35 },
  { time: '2016-01-18T05:00:00.000Z',
    uniqueClients: 40,
    engagedClients: 21,
    passersbyClients: 19,
    associatedClients: 0,
    unassociatedClients: 40 },
  { time: '2016-01-18T06:00:00.000Z',
    uniqueClients: 54,
    engagedClients: 28,
    passersbyClients: 26,
    associatedClients: 0,
    unassociatedClients: 54 },
  { time: '2016-01-18T07:00:00.000Z',
    uniqueClients: 81,
    engagedClients: 29,
    passersbyClients: 52,
    associatedClients: 0,
    unassociatedClients: 81 },
  { time: '2016-01-18T08:00:00.000Z',
    uniqueClients: 79,
    engagedClients: 35,
    passersbyClients: 44,
    associatedClients: 0,
    unassociatedClients: 79 },
  { time: '2016-01-18T09:00:00.000Z',
    uniqueClients: 61,
    engagedClients: 36,
    passersbyClients: 25,
    associatedClients: 0,
    unassociatedClients: 61 },
  { time: '2016-01-18T10:00:00.000Z',
    uniqueClients: 49,
    engagedClients: 32,
    passersbyClients: 17,
    associatedClients: 0,
    unassociatedClients: 49 },
  { time: '2016-01-18T11:00:00.000Z',
    uniqueClients: 52,
    engagedClients: 30,
    passersbyClients: 22,
    associatedClients: 0,
    unassociatedClients: 52 },
  { time: '2016-01-18T12:00:00.000Z',
    uniqueClients: 49,
    engagedClients: 31,
    passersbyClients: 18,
    associatedClients: 0,
    unassociatedClients: 49 },
  { time: '2016-01-18T13:00:00.000Z',
    uniqueClients: 47,
    engagedClients: 33,
    passersbyClients: 14,
    associatedClients: 0,
    unassociatedClients: 47 },
  { time: '2016-01-18T14:00:00.000Z',
    uniqueClients: 48,
    engagedClients: 30,
    passersbyClients: 18,
    associatedClients: 0,
    unassociatedClients: 48 },
  { time: '2016-01-18T15:00:00.000Z',
    uniqueClients: 60,
    engagedClients: 39,
    passersbyClients: 21,
    associatedClients: 0,
    unassociatedClients: 60 },
  { time: '2016-01-18T16:00:00.000Z',
    uniqueClients: 58,
    engagedClients: 39,
    passersbyClients: 19,
    associatedClients: 0,
    unassociatedClients: 58 },
  { time: '2016-01-18T17:00:00.000Z',
    uniqueClients: 55,
    engagedClients: 36,
    passersbyClients: 19,
    associatedClients: 0,
    unassociatedClients: 55 },
  { time: '2016-01-18T18:00:00.000Z',
    uniqueClients: 52,
    engagedClients: 36,
    passersbyClients: 16,
    associatedClients: 0,
    unassociatedClients: 52 },
  { time: '2016-01-18T19:00:00.000Z',
    uniqueClients: 46,
    engagedClients: 34,
    passersbyClients: 12,
    associatedClients: 0,
    unassociatedClients: 46 },
  { time: '2016-01-18T20:00:00.000Z',
    uniqueClients: 56,
    engagedClients: 38,
    passersbyClients: 18,
    associatedClients: 0,
    unassociatedClients: 56 },
  { time: '2016-01-18T21:00:00.000Z',
    uniqueClients: 60,
    engagedClients: 39,
    passersbyClients: 21,
    associatedClients: 0,
    unassociatedClients: 60 },
  { time: '2016-01-18T22:00:00.000Z',
    uniqueClients: 52,
    engagedClients: 33,
    passersbyClients: 19,
    associatedClients: 0,
    unassociatedClients: 52 },
  { time: '2016-01-18T23:00:00.000Z',
    uniqueClients: 42,
    engagedClients: 25,
    passersbyClients: 17,
    associatedClients: 0,
    unassociatedClients: 42 },
  { time: '2016-01-19T00:00:00.000Z',
    uniqueClients: 39,
    engagedClients: 19,
    passersbyClients: 20,
    associatedClients: 0,
    unassociatedClients: 39 },
  { time: '2016-01-19T01:00:00.000Z',
    uniqueClients: 35,
    engagedClients: 21,
    passersbyClients: 14,
    associatedClients: 0,
    unassociatedClients: 35 },
  { time: '2016-01-19T02:00:00.000Z',
    uniqueClients: 36,
    engagedClients: 18,
    passersbyClients: 18,
    associatedClients: 0,
    unassociatedClients: 36 },
  { time: '2016-01-19T03:00:00.000Z',
    uniqueClients: 34,
    engagedClients: 18,
    passersbyClients: 16,
    associatedClients: 0,
    unassociatedClients: 34 },
  { time: '2016-01-19T04:00:00.000Z',
    uniqueClients: 32,
    engagedClients: 22,
    passersbyClients: 10,
    associatedClients: 0,
    unassociatedClients: 32 },
  { time: '2016-01-19T05:00:00.000Z',
    uniqueClients: 45,
    engagedClients: 28,
    passersbyClients: 17,
    associatedClients: 0,
    unassociatedClients: 45 },
  { time: '2016-01-19T06:00:00.000Z',
    uniqueClients: 53,
    engagedClients: 28,
    passersbyClients: 25,
    associatedClients: 0,
    unassociatedClients: 53 },
  { time: '2016-01-19T07:00:00.000Z',
    uniqueClients: 66,
    engagedClients: 29,
    passersbyClients: 37,
    associatedClients: 0,
    unassociatedClients: 66 },
  { time: '2016-01-19T08:00:00.000Z',
    uniqueClients: 71,
    engagedClients: 33,
    passersbyClients: 38,
    associatedClients: 0,
    unassociatedClients: 71 },
  { time: '2016-01-19T09:00:00.000Z',
    uniqueClients: 67,
    engagedClients: 41,
    passersbyClients: 26,
    associatedClients: 0,
    unassociatedClients: 67 },
  { time: '2016-01-19T10:00:00.000Z',
    uniqueClients: 79,
    engagedClients: 43,
    passersbyClients: 36,
    associatedClients: 0,
    unassociatedClients: 79 },
  { time: '2016-01-19T11:00:00.000Z',
    uniqueClients: 81,
    engagedClients: 47,
    passersbyClients: 34,
    associatedClients: 0,
    unassociatedClients: 81 },
  { time: '2016-01-19T12:00:00.000Z',
    uniqueClients: 51,
    engagedClients: 27,
    passersbyClients: 24,
    associatedClients: 0,
    unassociatedClients: 51 },
  { time: '2016-01-19T13:00:00.000Z',
    uniqueClients: 50,
    engagedClients: 33,
    passersbyClients: 17,
    associatedClients: 0,
    unassociatedClients: 50 },
  { time: '2016-01-19T14:00:00.000Z',
    uniqueClients: 48,
    engagedClients: 31,
    passersbyClients: 17,
    associatedClients: 0,
    unassociatedClients: 48 },
  { time: '2016-01-19T15:00:00.000Z',
    uniqueClients: 66,
    engagedClients: 45,
    passersbyClients: 21,
    associatedClients: 0,
    unassociatedClients: 66 },
  { time: '2016-01-19T16:00:00.000Z',
    uniqueClients: 69,
    engagedClients: 42,
    passersbyClients: 27,
    associatedClients: 0,
    unassociatedClients: 69 },
  { time: '2016-01-19T17:00:00.000Z',
    uniqueClients: 70,
    engagedClients: 36,
    passersbyClients: 34,
    associatedClients: 0,
    unassociatedClients: 70 },
  { time: '2016-01-19T18:00:00.000Z',
    uniqueClients: 54,
    engagedClients: 34,
    passersbyClients: 20,
    associatedClients: 0,
    unassociatedClients: 54 },
  { time: '2016-01-19T19:00:00.000Z',
    uniqueClients: 73,
    engagedClients: 44,
    passersbyClients: 29,
    associatedClients: 0,
    unassociatedClients: 73 },
  { time: '2016-01-19T20:00:00.000Z',
    uniqueClients: 74,
    engagedClients: 40,
    passersbyClients: 34,
    associatedClients: 0,
    unassociatedClients: 74 },
  { time: '2016-01-19T21:00:00.000Z',
    uniqueClients: 75,
    engagedClients: 40,
    passersbyClients: 35,
    associatedClients: 0,
    unassociatedClients: 75 },
  { time: '2016-01-19T22:00:00.000Z',
    uniqueClients: 60,
    engagedClients: 32,
    passersbyClients: 28,
    associatedClients: 0,
    unassociatedClients: 60 },
  { time: '2016-01-19T23:00:00.000Z',
    uniqueClients: 41,
    engagedClients: 28,
    passersbyClients: 13,
    associatedClients: 0,
    unassociatedClients: 41 },
  { time: '2016-01-20T00:00:00.000Z',
    uniqueClients: 36,
    engagedClients: 16,
    passersbyClients: 20,
    associatedClients: 0,
    unassociatedClients: 36 },
  { time: '2016-01-20T01:00:00.000Z',
    uniqueClients: 32,
    engagedClients: 16,
    passersbyClients: 16,
    associatedClients: 0,
    unassociatedClients: 32 },
  { time: '2016-01-20T02:00:00.000Z',
    uniqueClients: 40,
    engagedClients: 18,
    passersbyClients: 22,
    associatedClients: 0,
    unassociatedClients: 40 },
  { time: '2016-01-20T03:00:00.000Z',
    uniqueClients: 27,
    engagedClients: 19,
    passersbyClients: 8,
    associatedClients: 0,
    unassociatedClients: 27 },
  { time: '2016-01-20T04:00:00.000Z',
    uniqueClients: 32,
    engagedClients: 17,
    passersbyClients: 15,
    associatedClients: 0,
    unassociatedClients: 32 },
  { time: '2016-01-20T05:00:00.000Z',
    uniqueClients: 43,
    engagedClients: 19,
    passersbyClients: 24,
    associatedClients: 0,
    unassociatedClients: 43 },
  { time: '2016-01-20T06:00:00.000Z',
    uniqueClients: 55,
    engagedClients: 24,
    passersbyClients: 31,
    associatedClients: 0,
    unassociatedClients: 55 },
  { time: '2016-01-20T07:00:00.000Z',
    uniqueClients: 73,
    engagedClients: 33,
    passersbyClients: 40,
    associatedClients: 0,
    unassociatedClients: 73 },
  { time: '2016-01-20T08:00:00.000Z',
    uniqueClients: 67,
    engagedClients: 37,
    passersbyClients: 30,
    associatedClients: 0,
    unassociatedClients: 67 },
  { time: '2016-01-20T09:00:00.000Z',
    uniqueClients: 64,
    engagedClients: 35,
    passersbyClients: 29,
    associatedClients: 0,
    unassociatedClients: 64 },
  { time: '2016-01-20T10:00:00.000Z',
    uniqueClients: 58,
    engagedClients: 33,
    passersbyClients: 25,
    associatedClients: 0,
    unassociatedClients: 58 },
  { time: '2016-01-20T11:00:00.000Z',
    uniqueClients: 54,
    engagedClients: 37,
    passersbyClients: 17,
    associatedClients: 0,
    unassociatedClients: 54 },
  { time: '2016-01-20T12:00:00.000Z',
    uniqueClients: 62,
    engagedClients: 35,
    passersbyClients: 27,
    associatedClients: 0,
    unassociatedClients: 62 },
  { time: '2016-01-20T13:00:00.000Z',
    uniqueClients: 59,
    engagedClients: 38,
    passersbyClients: 21,
    associatedClients: 0,
    unassociatedClients: 59 },
  { time: '2016-01-20T14:00:00.000Z',
    uniqueClients: 57,
    engagedClients: 34,
    passersbyClients: 23,
    associatedClients: 0,
    unassociatedClients: 57 },
  { time: '2016-01-20T15:00:00.000Z',
    uniqueClients: 61,
    engagedClients: 39,
    passersbyClients: 22,
    associatedClients: 0,
    unassociatedClients: 61 },
  { time: '2016-01-20T16:00:00.000Z',
    uniqueClients: 63,
    engagedClients: 42,
    passersbyClients: 21,
    associatedClients: 0,
    unassociatedClients: 63 },
  { time: '2016-01-20T17:00:00.000Z',
    uniqueClients: 64,
    engagedClients: 43,
    passersbyClients: 21,
    associatedClients: 0,
    unassociatedClients: 64 },
  { time: '2016-01-20T18:00:00.000Z',
    uniqueClients: 57,
    engagedClients: 38,
    passersbyClients: 19,
    associatedClients: 0,
    unassociatedClients: 57 },
  { time: '2016-01-20T19:00:00.000Z',
    uniqueClients: 82,
    engagedClients: 53,
    passersbyClients: 29,
    associatedClients: 0,
    unassociatedClients: 82 },
  { time: '2016-01-20T20:00:00.000Z',
    uniqueClients: 79,
    engagedClients: 55,
    passersbyClients: 24,
    associatedClients: 0,
    unassociatedClients: 79 },
  { time: '2016-01-20T21:00:00.000Z',
    uniqueClients: 53,
    engagedClients: 39,
    passersbyClients: 14,
    associatedClients: 0,
    unassociatedClients: 53 },
  { time: '2016-01-20T22:00:00.000Z',
    uniqueClients: 69,
    engagedClients: 43,
    passersbyClients: 26,
    associatedClients: 0,
    unassociatedClients: 69 },
  { time: '2016-01-20T23:00:00.000Z',
    uniqueClients: 55,
    engagedClients: 32,
    passersbyClients: 23,
    associatedClients: 0,
    unassociatedClients: 55 },
  { time: '2016-01-21T00:00:00.000Z',
    uniqueClients: 47,
    engagedClients: 28,
    passersbyClients: 19,
    associatedClients: 0,
    unassociatedClients: 47 },
  { time: '2016-01-21T01:00:00.000Z',
    uniqueClients: 43,
    engagedClients: 25,
    passersbyClients: 18,
    associatedClients: 0,
    unassociatedClients: 43 },
  { time: '2016-01-21T02:00:00.000Z',
    uniqueClients: 47,
    engagedClients: 29,
    passersbyClients: 18,
    associatedClients: 0,
    unassociatedClients: 47 },
  { time: '2016-01-21T03:00:00.000Z',
    uniqueClients: 38,
    engagedClients: 23,
    passersbyClients: 15,
    associatedClients: 0,
    unassociatedClients: 38 },
  { time: '2016-01-21T04:00:00.000Z',
    uniqueClients: 38,
    engagedClients: 22,
    passersbyClients: 16,
    associatedClients: 0,
    unassociatedClients: 38 },
  { time: '2016-01-21T05:00:00.000Z',
    uniqueClients: 49,
    engagedClients: 26,
    passersbyClients: 23,
    associatedClients: 0,
    unassociatedClients: 49 },
  { time: '2016-01-21T06:00:00.000Z',
    uniqueClients: 72,
    engagedClients: 27,
    passersbyClients: 45,
    associatedClients: 0,
    unassociatedClients: 72 },
  { time: '2016-01-21T07:00:00.000Z',
    uniqueClients: 68,
    engagedClients: 32,
    passersbyClients: 36,
    associatedClients: 0,
    unassociatedClients: 68 },
  { time: '2016-01-21T08:00:00.000Z',
    uniqueClients: 77,
    engagedClients: 43,
    passersbyClients: 34,
    associatedClients: 0,
    unassociatedClients: 77 },
  { time: '2016-01-21T09:00:00.000Z',
    uniqueClients: 78,
    engagedClients: 46,
    passersbyClients: 32,
    associatedClients: 0,
    unassociatedClients: 78 },
  { time: '2016-01-21T10:00:00.000Z',
    uniqueClients: 61,
    engagedClients: 45,
    passersbyClients: 16,
    associatedClients: 0,
    unassociatedClients: 61 },
  { time: '2016-01-21T11:00:00.000Z',
    uniqueClients: 61,
    engagedClients: 44,
    passersbyClients: 17,
    associatedClients: 0,
    unassociatedClients: 61 },
  { time: '2016-01-21T12:00:00.000Z',
    uniqueClients: 51,
    engagedClients: 32,
    passersbyClients: 19,
    associatedClients: 0,
    unassociatedClients: 51 },
  { time: '2016-01-21T13:00:00.000Z',
    uniqueClients: 44,
    engagedClients: 29,
    passersbyClients: 15,
    associatedClients: 0,
    unassociatedClients: 44 },
  { time: '2016-01-21T14:00:00.000Z',
    uniqueClients: 51,
    engagedClients: 31,
    passersbyClients: 20,
    associatedClients: 0,
    unassociatedClients: 51 },
  { time: '2016-01-21T15:00:00.000Z',
    uniqueClients: 54,
    engagedClients: 36,
    passersbyClients: 18,
    associatedClients: 0,
    unassociatedClients: 54 },
  { time: '2016-01-21T16:00:00.000Z',
    uniqueClients: 72,
    engagedClients: 44,
    passersbyClients: 28,
    associatedClients: 0,
    unassociatedClients: 72 },
  { time: '2016-01-21T17:00:00.000Z',
    uniqueClients: 75,
    engagedClients: 49,
    passersbyClients: 26,
    associatedClients: 0,
    unassociatedClients: 75 },
  { time: '2016-01-21T18:00:00.000Z',
    uniqueClients: 77,
    engagedClients: 41,
    passersbyClients: 36,
    associatedClients: 0,
    unassociatedClients: 77 },
  { time: '2016-01-21T19:00:00.000Z',
    uniqueClients: 69,
    engagedClients: 46,
    passersbyClients: 23,
    associatedClients: 0,
    unassociatedClients: 69 },
  { time: '2016-01-21T20:00:00.000Z',
    uniqueClients: 55,
    engagedClients: 42,
    passersbyClients: 13,
    associatedClients: 0,
    unassociatedClients: 55 },
  { time: '2016-01-21T21:00:00.000Z',
    uniqueClients: 47,
    engagedClients: 34,
    passersbyClients: 13,
    associatedClients: 0,
    unassociatedClients: 47 },
  { time: '2016-01-21T22:00:00.000Z',
    uniqueClients: 44,
    engagedClients: 38,
    passersbyClients: 6,
    associatedClients: 0,
    unassociatedClients: 44 },
  { time: '2016-01-21T23:00:00.000Z',
    uniqueClients: 29,
    engagedClients: 21,
    passersbyClients: 8,
    associatedClients: 0,
    unassociatedClients: 29 },
  { time: '2016-01-22T00:00:00.000Z',
    uniqueClients: 23,
    engagedClients: 16,
    passersbyClients: 7,
    associatedClients: 0,
    unassociatedClients: 23 },
  { time: '2016-01-22T01:00:00.000Z',
    uniqueClients: 26,
    engagedClients: 18,
    passersbyClients: 8,
    associatedClients: 0,
    unassociatedClients: 26 },
  { time: '2016-01-22T02:00:00.000Z',
    uniqueClients: 28,
    engagedClients: 19,
    passersbyClients: 9,
    associatedClients: 0,
    unassociatedClients: 28 },
  { time: '2016-01-22T03:00:00.000Z',
    uniqueClients: 26,
    engagedClients: 23,
    passersbyClients: 3,
    associatedClients: 0,
    unassociatedClients: 26 },
  { time: '2016-01-22T04:00:00.000Z',
    uniqueClients: 23,
    engagedClients: 19,
    passersbyClients: 4,
    associatedClients: 0,
    unassociatedClients: 23 },
  { time: '2016-01-22T05:00:00.000Z',
    uniqueClients: 29,
    engagedClients: 21,
    passersbyClients: 8,
    associatedClients: 0,
    unassociatedClients: 29 },
  { time: '2016-01-22T06:00:00.000Z',
    uniqueClients: 30,
    engagedClients: 16,
    passersbyClients: 14,
    associatedClients: 0,
    unassociatedClients: 30 },
  { time: '2016-01-22T07:00:00.000Z',
    uniqueClients: 47,
    engagedClients: 25,
    passersbyClients: 22,
    associatedClients: 0,
    unassociatedClients: 47 },
  { time: '2016-01-22T08:00:00.000Z',
    uniqueClients: 46,
    engagedClients: 27,
    passersbyClients: 19,
    associatedClients: 0,
    unassociatedClients: 46 },
  { time: '2016-01-22T09:00:00.000Z',
    uniqueClients: 60,
    engagedClients: 36,
    passersbyClients: 24,
    associatedClients: 0,
    unassociatedClients: 60 },
  { time: '2016-01-22T10:00:00.000Z',
    uniqueClients: 67,
    engagedClients: 40,
    passersbyClients: 27,
    associatedClients: 0,
    unassociatedClients: 67 },
  { time: '2016-01-22T11:00:00.000Z',
    uniqueClients: 47,
    engagedClients: 34,
    passersbyClients: 13,
    associatedClients: 0,
    unassociatedClients: 47 },
  { time: '2016-01-22T12:00:00.000Z',
    uniqueClients: 53,
    engagedClients: 34,
    passersbyClients: 19,
    associatedClients: 0,
    unassociatedClients: 53 },
  { time: '2016-01-22T13:00:00.000Z',
    uniqueClients: 53,
    engagedClients: 35,
    passersbyClients: 18,
    associatedClients: 0,
    unassociatedClients: 53 },
  { time: '2016-01-22T14:00:00.000Z',
    uniqueClients: 59,
    engagedClients: 36,
    passersbyClients: 23,
    associatedClients: 0,
    unassociatedClients: 59 },
  { time: '2016-01-22T15:00:00.000Z',
    uniqueClients: 47,
    engagedClients: 33,
    passersbyClients: 14,
    associatedClients: 0,
    unassociatedClients: 47 },
  { time: '2016-01-22T16:00:00.000Z',
    uniqueClients: 43,
    engagedClients: 30,
    passersbyClients: 13,
    associatedClients: 0,
    unassociatedClients: 43 },
  { time: '2016-01-22T17:00:00.000Z',
    uniqueClients: 57,
    engagedClients: 33,
    passersbyClients: 24,
    associatedClients: 0,
    unassociatedClients: 57 },
  { time: '2016-01-22T18:00:00.000Z',
    uniqueClients: 46,
    engagedClients: 35,
    passersbyClients: 11,
    associatedClients: 0,
    unassociatedClients: 46 },
  { time: '2016-01-22T19:00:00.000Z',
    uniqueClients: 56,
    engagedClients: 34,
    passersbyClients: 22,
    associatedClients: 0,
    unassociatedClients: 56 },
  { time: '2016-01-22T20:00:00.000Z',
    uniqueClients: 52,
    engagedClients: 37,
    passersbyClients: 15,
    associatedClients: 0,
    unassociatedClients: 52 },
  { time: '2016-01-22T21:00:00.000Z',
    uniqueClients: 43,
    engagedClients: 38,
    passersbyClients: 5,
    associatedClients: 0,
    unassociatedClients: 43 },
  { time: '2016-01-22T22:00:00.000Z',
    uniqueClients: 52,
    engagedClients: 38,
    passersbyClients: 14,
    associatedClients: 0,
    unassociatedClients: 52 },
  { time: '2016-01-22T23:00:00.000Z',
    uniqueClients: 36,
    engagedClients: 29,
    passersbyClients: 7,
    associatedClients: 0,
    unassociatedClients: 36 },
  { time: '2016-01-23T00:00:00.000Z',
    uniqueClients: 34,
    engagedClients: 22,
    passersbyClients: 12,
    associatedClients: 0,
    unassociatedClients: 34 },
  { time: '2016-01-23T01:00:00.000Z',
    uniqueClients: 31,
    engagedClients: 23,
    passersbyClients: 8,
    associatedClients: 0,
    unassociatedClients: 31 },
  { time: '2016-01-23T02:00:00.000Z',
    uniqueClients: 17,
    engagedClients: 0,
    passersbyClients: 17,
    associatedClients: 0,
    unassociatedClients: 17 },
  { time: '2016-01-23T03:00:00.000Z',
    uniqueClients: 0,
    engagedClients: 0,
    passersbyClients: 0,
    associatedClients: 0,
    unassociatedClients: 0 },
  { time: '2016-01-23T04:00:00.000Z',
    uniqueClients: 0,
    engagedClients: 0,
    passersbyClients: 0,
    associatedClients: 0,
    unassociatedClients: 0 },
  { time: '2016-01-23T05:00:00.000Z',
    uniqueClients: 21,
    engagedClients: 19,
    passersbyClients: 2,
    associatedClients: 0,
    unassociatedClients: 21 },
  { time: '2016-01-23T06:00:00.000Z',
    uniqueClients: 33,
    engagedClients: 29,
    passersbyClients: 4,
    associatedClients: 0,
    unassociatedClients: 33 },
  { time: '2016-01-23T07:00:00.000Z',
    uniqueClients: 38,
    engagedClients: 28,
    passersbyClients: 10,
    associatedClients: 0,
    unassociatedClients: 38 },
  { time: '2016-01-23T08:00:00.000Z',
    uniqueClients: 36,
    engagedClients: 25,
    passersbyClients: 11,
    associatedClients: 0,
    unassociatedClients: 36 },
  { time: '2016-01-23T09:00:00.000Z',
    uniqueClients: 35,
    engagedClients: 30,
    passersbyClients: 5,
    associatedClients: 0,
    unassociatedClients: 35 },
  { time: '2016-01-23T10:00:00.000Z',
    uniqueClients: 56,
    engagedClients: 37,
    passersbyClients: 19,
    associatedClients: 0,
    unassociatedClients: 56 },
  { time: '2016-01-23T11:00:00.000Z',
    uniqueClients: 40,
    engagedClients: 35,
    passersbyClients: 5,
    associatedClients: 0,
    unassociatedClients: 40 },
  { time: '2016-01-23T12:00:00.000Z',
    uniqueClients: 38,
    engagedClients: 32,
    passersbyClients: 6,
    associatedClients: 0,
    unassociatedClients: 38 },
  { time: '2016-01-23T13:00:00.000Z',
    uniqueClients: 52,
    engagedClients: 40,
    passersbyClients: 12,
    associatedClients: 0,
    unassociatedClients: 52 },
  { time: '2016-01-23T14:00:00.000Z',
    uniqueClients: 44,
    engagedClients: 37,
    passersbyClients: 7,
    associatedClients: 0,
    unassociatedClients: 44 },
  { time: '2016-01-23T15:00:00.000Z',
    uniqueClients: 64,
    engagedClients: 44,
    passersbyClients: 20,
    associatedClients: 0,
    unassociatedClients: 64 },
  { time: '2016-01-23T16:00:00.000Z',
    uniqueClients: 54,
    engagedClients: 46,
    passersbyClients: 8,
    associatedClients: 0,
    unassociatedClients: 54 },
  { time: '2016-01-23T17:00:00.000Z',
    uniqueClients: 51,
    engagedClients: 40,
    passersbyClients: 11,
    associatedClients: 0,
    unassociatedClients: 51 },
  { time: '2016-01-23T18:00:00.000Z',
    uniqueClients: 49,
    engagedClients: 42,
    passersbyClients: 7,
    associatedClients: 0,
    unassociatedClients: 49 },
  { time: '2016-01-23T19:00:00.000Z',
    uniqueClients: 67,
    engagedClients: 42,
    passersbyClients: 25,
    associatedClients: 0,
    unassociatedClients: 67 },
  { time: '2016-01-23T20:00:00.000Z',
    uniqueClients: 52,
    engagedClients: 44,
    passersbyClients: 8,
    associatedClients: 0,
    unassociatedClients: 52 },
  { time: '2016-01-23T21:00:00.000Z',
    uniqueClients: 53,
    engagedClients: 45,
    passersbyClients: 8,
    associatedClients: 0,
    unassociatedClients: 53 },
  { time: '2016-01-23T22:00:00.000Z',
    uniqueClients: 48,
    engagedClients: 43,
    passersbyClients: 5,
    associatedClients: 0,
    unassociatedClients: 48 },
  { time: '2016-01-23T23:00:00.000Z',
    uniqueClients: 31,
    engagedClients: 28,
    passersbyClients: 3,
    associatedClients: 0,
    unassociatedClients: 31 },
  { time: '2016-01-24T00:00:00.000Z',
    uniqueClients: 37,
    engagedClients: 30,
    passersbyClients: 7,
    associatedClients: 0,
    unassociatedClients: 37 } ]
====================0
[ { time: '2016-02-14T00:00:00.000Z',
    uniqueClients: 63,
    engagedClients: 44,
    passersbyClients: 19,
    associatedClients: 0,
    unassociatedClients: 63 },
  { time: '2016-02-14T01:00:00.000Z',
    uniqueClients: 52,
    engagedClients: 40,
    passersbyClients: 12,
    associatedClients: 0,
    unassociatedClients: 52 },
  { time: '2016-02-14T02:00:00.000Z',
    uniqueClients: 48,
    engagedClients: 39,
    passersbyClients: 9,
    associatedClients: 0,
    unassociatedClients: 48 },
  { time: '2016-02-14T03:00:00.000Z',
    uniqueClients: 45,
    engagedClients: 38,
    passersbyClients: 7,
    associatedClients: 0,
    unassociatedClients: 45 },
  { time: '2016-02-14T04:00:00.000Z',
    uniqueClients: 44,
    engagedClients: 35,
    passersbyClients: 9,
    associatedClients: 0,
    unassociatedClients: 44 },
  { time: '2016-02-14T05:00:00.000Z',
    uniqueClients: 38,
    engagedClients: 30,
    passersbyClients: 8,
    associatedClients: 0,
    unassociatedClients: 38 },
  { time: '2016-02-14T06:00:00.000Z',
    uniqueClients: 47,
    engagedClients: 30,
    passersbyClients: 17,
    associatedClients: 0,
    unassociatedClients: 47 },
  { time: '2016-02-14T07:00:00.000Z',
    uniqueClients: 64,
    engagedClients: 40,
    passersbyClients: 24,
    associatedClients: 0,
    unassociatedClients: 64 },
  { time: '2016-02-14T08:00:00.000Z',
    uniqueClients: 62,
    engagedClients: 42,
    passersbyClients: 20,
    associatedClients: 0,
    unassociatedClients: 62 },
  { time: '2016-02-14T09:00:00.000Z',
    uniqueClients: 75,
    engagedClients: 51,
    passersbyClients: 24,
    associatedClients: 0,
    unassociatedClients: 75 },
  { time: '2016-02-14T10:00:00.000Z',
    uniqueClients: 92,
    engagedClients: 54,
    passersbyClients: 38,
    associatedClients: 0,
    unassociatedClients: 92 },
  { time: '2016-02-14T11:00:00.000Z',
    uniqueClients: 85,
    engagedClients: 50,
    passersbyClients: 35,
    associatedClients: 0,
    unassociatedClients: 85 },
  { time: '2016-02-14T12:00:00.000Z',
    uniqueClients: 81,
    engagedClients: 50,
    passersbyClients: 31,
    associatedClients: 0,
    unassociatedClients: 81 },
  { time: '2016-02-14T13:00:00.000Z',
    uniqueClients: 83,
    engagedClients: 48,
    passersbyClients: 35,
    associatedClients: 0,
    unassociatedClients: 83 },
  { time: '2016-02-14T14:00:00.000Z',
    uniqueClients: 78,
    engagedClients: 50,
    passersbyClients: 28,
    associatedClients: 0,
    unassociatedClients: 78 },
  { time: '2016-02-14T15:00:00.000Z',
    uniqueClients: 86,
    engagedClients: 58,
    passersbyClients: 28,
    associatedClients: 0,
    unassociatedClients: 86 },
  { time: '2016-02-14T16:00:00.000Z',
    uniqueClients: 84,
    engagedClients: 57,
    passersbyClients: 27,
    associatedClients: 0,
    unassociatedClients: 84 },
  { time: '2016-02-14T17:00:00.000Z',
    uniqueClients: 92,
    engagedClients: 62,
    passersbyClients: 30,
    associatedClients: 0,
    unassociatedClients: 92 },
  { time: '2016-02-14T18:00:00.000Z',
    uniqueClients: 94,
    engagedClients: 66,
    passersbyClients: 28,
    associatedClients: 0,
    unassociatedClients: 94 },
  { time: '2016-02-14T19:00:00.000Z',
    uniqueClients: 92,
    engagedClients: 66,
    passersbyClients: 26,
    associatedClients: 0,
    unassociatedClients: 92 },
  { time: '2016-02-14T20:00:00.000Z',
    uniqueClients: 84,
    engagedClients: 62,
    passersbyClients: 22,
    associatedClients: 0,
    unassociatedClients: 84 },
  { time: '2016-02-14T21:00:00.000Z',
    uniqueClients: 77,
    engagedClients: 58,
    passersbyClients: 19,
    associatedClients: 0,
    unassociatedClients: 77 },
  { time: '2016-02-14T22:00:00.000Z',
    uniqueClients: 69,
    engagedClients: 53,
    passersbyClients: 16,
    associatedClients: 0,
    unassociatedClients: 69 },
  { time: '2016-02-14T23:00:00.000Z',
    uniqueClients: 58,
    engagedClients: 46,
    passersbyClients: 12,
    associatedClients: 0,
    unassociatedClients: 58 },
  { time: '2016-02-15T00:00:00.000Z',
    uniqueClients: 63,
    engagedClients: 48,
    passersbyClients: 15,
    associatedClients: 0,
    unassociatedClients: 63 },
  { time: '2016-02-15T01:00:00.000Z',
    uniqueClients: 50,
    engagedClients: 42,
    passersbyClients: 8,
    associatedClients: 0,
    unassociatedClients: 50 },
  { time: '2016-02-15T02:00:00.000Z',
    uniqueClients: 57,
    engagedClients: 44,
    passersbyClients: 13,
    associatedClients: 0,
    unassociatedClients: 57 },
  { time: '2016-02-15T03:00:00.000Z',
    uniqueClients: 57,
    engagedClients: 43,
    passersbyClients: 14,
    associatedClients: 0,
    unassociatedClients: 57 },
  { time: '2016-02-15T04:00:00.000Z',
    uniqueClients: 63,
    engagedClients: 44,
    passersbyClients: 19,
    associatedClients: 0,
    unassociatedClients: 63 },
  { time: '2016-02-15T05:00:00.000Z',
    uniqueClients: 71,
    engagedClients: 41,
    passersbyClients: 30,
    associatedClients: 0,
    unassociatedClients: 71 },
  { time: '2016-02-15T06:00:00.000Z',
    uniqueClients: 85,
    engagedClients: 51,
    passersbyClients: 34,
    associatedClients: 0,
    unassociatedClients: 85 },
  { time: '2016-02-15T07:00:00.000Z',
    uniqueClients: 91,
    engagedClients: 60,
    passersbyClients: 31,
    associatedClients: 0,
    unassociatedClients: 91 },
  { time: '2016-02-15T08:00:00.000Z',
    uniqueClients: 91,
    engagedClients: 58,
    passersbyClients: 33,
    associatedClients: 0,
    unassociatedClients: 91 },
  { time: '2016-02-15T09:00:00.000Z',
    uniqueClients: 84,
    engagedClients: 58,
    passersbyClients: 26,
    associatedClients: 0,
    unassociatedClients: 84 },
  { time: '2016-02-15T10:00:00.000Z',
    uniqueClients: 88,
    engagedClients: 50,
    passersbyClients: 38,
    associatedClients: 0,
    unassociatedClients: 88 },
  { time: '2016-02-15T11:00:00.000Z',
    uniqueClients: 89,
    engagedClients: 51,
    passersbyClients: 38,
    associatedClients: 0,
    unassociatedClients: 89 },
  { time: '2016-02-15T12:00:00.000Z',
    uniqueClients: 93,
    engagedClients: 51,
    passersbyClients: 42,
    associatedClients: 0,
    unassociatedClients: 93 },
  { time: '2016-02-15T13:00:00.000Z',
    uniqueClients: 76,
    engagedClients: 57,
    passersbyClients: 19,
    associatedClients: 0,
    unassociatedClients: 76 },
  { time: '2016-02-15T14:00:00.000Z',
    uniqueClients: 84,
    engagedClients: 62,
    passersbyClients: 22,
    associatedClients: 0,
    unassociatedClients: 84 },
  { time: '2016-02-15T15:00:00.000Z',
    uniqueClients: 90,
    engagedClients: 64,
    passersbyClients: 26,
    associatedClients: 0,
    unassociatedClients: 90 },
  { time: '2016-02-15T16:00:00.000Z',
    uniqueClients: 110,
    engagedClients: 66,
    passersbyClients: 44,
    associatedClients: 0,
    unassociatedClients: 110 },
  { time: '2016-02-15T17:00:00.000Z',
    uniqueClients: 82,
    engagedClients: 60,
    passersbyClients: 22,
    associatedClients: 0,
    unassociatedClients: 82 },
  { time: '2016-02-15T18:00:00.000Z',
    uniqueClients: 81,
    engagedClients: 59,
    passersbyClients: 22,
    associatedClients: 0,
    unassociatedClients: 81 },
  { time: '2016-02-15T19:00:00.000Z',
    uniqueClients: 82,
    engagedClients: 60,
    passersbyClients: 22,
    associatedClients: 0,
    unassociatedClients: 82 },
  { time: '2016-02-15T20:00:00.000Z',
    uniqueClients: 80,
    engagedClients: 58,
    passersbyClients: 22,
    associatedClients: 0,
    unassociatedClients: 80 },
  { time: '2016-02-15T21:00:00.000Z',
    uniqueClients: 70,
    engagedClients: 58,
    passersbyClients: 12,
    associatedClients: 0,
    unassociatedClients: 70 },
  { time: '2016-02-15T22:00:00.000Z',
    uniqueClients: 68,
    engagedClients: 54,
    passersbyClients: 14,
    associatedClients: 0,
    unassociatedClients: 68 },
  { time: '2016-02-15T23:00:00.000Z',
    uniqueClients: 62,
    engagedClients: 52,
    passersbyClients: 10,
    associatedClients: 0,
    unassociatedClients: 62 },
  { time: '2016-02-16T00:00:00.000Z',
    uniqueClients: 57,
    engagedClients: 46,
    passersbyClients: 11,
    associatedClients: 0,
    unassociatedClients: 57 },
  { time: '2016-02-16T01:00:00.000Z',
    uniqueClients: 58,
    engagedClients: 45,
    passersbyClients: 13,
    associatedClients: 0,
    unassociatedClients: 58 },
  { time: '2016-02-16T02:00:00.000Z',
    uniqueClients: 58,
    engagedClients: 44,
    passersbyClients: 14,
    associatedClients: 0,
    unassociatedClients: 58 },
  { time: '2016-02-16T03:00:00.000Z',
    uniqueClients: 58,
    engagedClients: 44,
    passersbyClients: 14,
    associatedClients: 0,
    unassociatedClients: 58 },
  { time: '2016-02-16T04:00:00.000Z',
    uniqueClients: 55,
    engagedClients: 40,
    passersbyClients: 15,
    associatedClients: 0,
    unassociatedClients: 55 },
  { time: '2016-02-16T05:00:00.000Z',
    uniqueClients: 69,
    engagedClients: 45,
    passersbyClients: 24,
    associatedClients: 0,
    unassociatedClients: 69 },
  { time: '2016-02-16T06:00:00.000Z',
    uniqueClients: 102,
    engagedClients: 50,
    passersbyClients: 52,
    associatedClients: 0,
    unassociatedClients: 102 },
  { time: '2016-02-16T07:00:00.000Z',
    uniqueClients: 111,
    engagedClients: 67,
    passersbyClients: 44,
    associatedClients: 0,
    unassociatedClients: 111 },
  { time: '2016-02-16T08:00:00.000Z',
    uniqueClients: 92,
    engagedClients: 56,
    passersbyClients: 36,
    associatedClients: 0,
    unassociatedClients: 92 },
  { time: '2016-02-16T09:00:00.000Z',
    uniqueClients: 73,
    engagedClients: 52,
    passersbyClients: 21,
    associatedClients: 0,
    unassociatedClients: 73 },
  { time: '2016-02-16T10:00:00.000Z',
    uniqueClients: 104,
    engagedClients: 56,
    passersbyClients: 48,
    associatedClients: 0,
    unassociatedClients: 104 },
  { time: '2016-02-16T11:00:00.000Z',
    uniqueClients: 106,
    engagedClients: 63,
    passersbyClients: 43,
    associatedClients: 0,
    unassociatedClients: 106 },
  { time: '2016-02-16T12:00:00.000Z',
    uniqueClients: 96,
    engagedClients: 56,
    passersbyClients: 40,
    associatedClients: 0,
    unassociatedClients: 96 },
  { time: '2016-02-16T13:00:00.000Z',
    uniqueClients: 118,
    engagedClients: 55,
    passersbyClients: 63,
    associatedClients: 0,
    unassociatedClients: 118 },
  { time: '2016-02-16T14:00:00.000Z',
    uniqueClients: 104,
    engagedClients: 63,
    passersbyClients: 41,
    associatedClients: 0,
    unassociatedClients: 104 },
  { time: '2016-02-16T15:00:00.000Z',
    uniqueClients: 115,
    engagedClients: 67,
    passersbyClients: 48,
    associatedClients: 0,
    unassociatedClients: 115 },
  { time: '2016-02-16T16:00:00.000Z',
    uniqueClients: 116,
    engagedClients: 66,
    passersbyClients: 50,
    associatedClients: 0,
    unassociatedClients: 116 },
  { time: '2016-02-16T17:00:00.000Z',
    uniqueClients: 103,
    engagedClients: 62,
    passersbyClients: 41,
    associatedClients: 0,
    unassociatedClients: 103 },
  { time: '2016-02-16T18:00:00.000Z',
    uniqueClients: 106,
    engagedClients: 60,
    passersbyClients: 46,
    associatedClients: 0,
    unassociatedClients: 106 },
  { time: '2016-02-16T19:00:00.000Z',
    uniqueClients: 102,
    engagedClients: 65,
    passersbyClients: 37,
    associatedClients: 0,
    unassociatedClients: 102 },
  { time: '2016-02-16T20:00:00.000Z',
    uniqueClients: 81,
    engagedClients: 62,
    passersbyClients: 19,
    associatedClients: 0,
    unassociatedClients: 81 },
  { time: '2016-02-16T21:00:00.000Z',
    uniqueClients: 89,
    engagedClients: 67,
    passersbyClients: 22,
    associatedClients: 0,
    unassociatedClients: 89 },
  { time: '2016-02-16T22:00:00.000Z',
    uniqueClients: 98,
    engagedClients: 70,
    passersbyClients: 28,
    associatedClients: 0,
    unassociatedClients: 98 },
  { time: '2016-02-16T23:00:00.000Z',
    uniqueClients: 79,
    engagedClients: 63,
    passersbyClients: 16,
    associatedClients: 0,
    unassociatedClients: 79 },
  { time: '2016-02-17T00:00:00.000Z',
    uniqueClients: 79,
    engagedClients: 56,
    passersbyClients: 23,
    associatedClients: 0,
    unassociatedClients: 79 },
  { time: '2016-02-17T01:00:00.000Z',
    uniqueClients: 65,
    engagedClients: 56,
    passersbyClients: 9,
    associatedClients: 0,
    unassociatedClients: 65 },
  { time: '2016-02-17T02:00:00.000Z',
    uniqueClients: 63,
    engagedClients: 49,
    passersbyClients: 14,
    associatedClients: 0,
    unassociatedClients: 63 },
  { time: '2016-02-17T03:00:00.000Z',
    uniqueClients: 60,
    engagedClients: 45,
    passersbyClients: 15,
    associatedClients: 0,
    unassociatedClients: 60 },
  { time: '2016-02-17T04:00:00.000Z',
    uniqueClients: 57,
    engagedClients: 46,
    passersbyClients: 11,
    associatedClients: 0,
    unassociatedClients: 57 },
  { time: '2016-02-17T05:00:00.000Z',
    uniqueClients: 66,
    engagedClients: 46,
    passersbyClients: 20,
    associatedClients: 0,
    unassociatedClients: 66 },
  { time: '2016-02-17T06:00:00.000Z',
    uniqueClients: 96,
    engagedClients: 57,
    passersbyClients: 39,
    associatedClients: 0,
    unassociatedClients: 96 },
  { time: '2016-02-17T07:00:00.000Z',
    uniqueClients: 127,
    engagedClients: 60,
    passersbyClients: 67,
    associatedClients: 0,
    unassociatedClients: 127 },
  { time: '2016-02-17T08:00:00.000Z',
    uniqueClients: 101,
    engagedClients: 56,
    passersbyClients: 45,
    associatedClients: 0,
    unassociatedClients: 101 },
  { time: '2016-02-17T09:00:00.000Z',
    uniqueClients: 101,
    engagedClients: 50,
    passersbyClients: 51,
    associatedClients: 0,
    unassociatedClients: 101 },
  { time: '2016-02-17T10:00:00.000Z',
    uniqueClients: 98,
    engagedClients: 46,
    passersbyClients: 52,
    associatedClients: 0,
    unassociatedClients: 98 },
  { time: '2016-02-17T11:00:00.000Z',
    uniqueClients: 115,
    engagedClients: 55,
    passersbyClients: 60,
    associatedClients: 0,
    unassociatedClients: 115 },
  { time: '2016-02-17T12:00:00.000Z',
    uniqueClients: 104,
    engagedClients: 58,
    passersbyClients: 46,
    associatedClients: 0,
    unassociatedClients: 104 },
  { time: '2016-02-17T13:00:00.000Z',
    uniqueClients: 114,
    engagedClients: 64,
    passersbyClients: 50,
    associatedClients: 0,
    unassociatedClients: 114 },
  { time: '2016-02-17T14:00:00.000Z',
    uniqueClients: 126,
    engagedClients: 71,
    passersbyClients: 55,
    associatedClients: 0,
    unassociatedClients: 126 },
  { time: '2016-02-17T15:00:00.000Z',
    uniqueClients: 98,
    engagedClients: 62,
    passersbyClients: 36,
    associatedClients: 0,
    unassociatedClients: 98 },
  { time: '2016-02-17T16:00:00.000Z',
    uniqueClients: 117,
    engagedClients: 57,
    passersbyClients: 60,
    associatedClients: 0,
    unassociatedClients: 117 },
  { time: '2016-02-17T17:00:00.000Z',
    uniqueClients: 107,
    engagedClients: 59,
    passersbyClients: 48,
    associatedClients: 0,
    unassociatedClients: 107 },
  { time: '2016-02-17T18:00:00.000Z',
    uniqueClients: 92,
    engagedClients: 62,
    passersbyClients: 30,
    associatedClients: 0,
    unassociatedClients: 92 },
  { time: '2016-02-17T19:00:00.000Z',
    uniqueClients: 87,
    engagedClients: 60,
    passersbyClients: 27,
    associatedClients: 0,
    unassociatedClients: 87 },
  { time: '2016-02-17T20:00:00.000Z',
    uniqueClients: 79,
    engagedClients: 57,
    passersbyClients: 22,
    associatedClients: 0,
    unassociatedClients: 79 },
  { time: '2016-02-17T21:00:00.000Z',
    uniqueClients: 82,
    engagedClients: 60,
    passersbyClients: 22,
    associatedClients: 0,
    unassociatedClients: 82 },
  { time: '2016-02-17T22:00:00.000Z',
    uniqueClients: 74,
    engagedClients: 58,
    passersbyClients: 16,
    associatedClients: 0,
    unassociatedClients: 74 },
  { time: '2016-02-17T23:00:00.000Z',
    uniqueClients: 62,
    engagedClients: 48,
    passersbyClients: 14,
    associatedClients: 0,
    unassociatedClients: 62 },
  { time: '2016-02-18T00:00:00.000Z',
    uniqueClients: 56,
    engagedClients: 48,
    passersbyClients: 8,
    associatedClients: 0,
    unassociatedClients: 56 },
  { time: '2016-02-18T01:00:00.000Z',
    uniqueClients: 48,
    engagedClients: 38,
    passersbyClients: 10,
    associatedClients: 0,
    unassociatedClients: 48 },
  { time: '2016-02-18T02:00:00.000Z',
    uniqueClients: 50,
    engagedClients: 43,
    passersbyClients: 7,
    associatedClients: 0,
    unassociatedClients: 50 },
  { time: '2016-02-18T03:00:00.000Z',
    uniqueClients: 46,
    engagedClients: 39,
    passersbyClients: 7,
    associatedClients: 0,
    unassociatedClients: 46 },
  { time: '2016-02-18T04:00:00.000Z',
    uniqueClients: 45,
    engagedClients: 41,
    passersbyClients: 4,
    associatedClients: 0,
    unassociatedClients: 45 },
  { time: '2016-02-18T05:00:00.000Z',
    uniqueClients: 57,
    engagedClients: 41,
    passersbyClients: 16,
    associatedClients: 0,
    unassociatedClients: 57 },
  { time: '2016-02-18T06:00:00.000Z',
    uniqueClients: 86,
    engagedClients: 49,
    passersbyClients: 37,
    associatedClients: 0,
    unassociatedClients: 86 },
  { time: '2016-02-18T07:00:00.000Z',
    uniqueClients: 91,
    engagedClients: 44,
    passersbyClients: 47,
    associatedClients: 0,
    unassociatedClients: 91 },
  { time: '2016-02-18T08:00:00.000Z',
    uniqueClients: 89,
    engagedClients: 50,
    passersbyClients: 39,
    associatedClients: 0,
    unassociatedClients: 89 },
  { time: '2016-02-18T09:00:00.000Z',
    uniqueClients: 95,
    engagedClients: 51,
    passersbyClients: 44,
    associatedClients: 0,
    unassociatedClients: 95 },
  { time: '2016-02-18T10:00:00.000Z',
    uniqueClients: 86,
    engagedClients: 50,
    passersbyClients: 36,
    associatedClients: 0,
    unassociatedClients: 86 },
  { time: '2016-02-18T11:00:00.000Z',
    uniqueClients: 95,
    engagedClients: 52,
    passersbyClients: 43,
    associatedClients: 0,
    unassociatedClients: 95 },
  { time: '2016-02-18T12:00:00.000Z',
    uniqueClients: 101,
    engagedClients: 55,
    passersbyClients: 46,
    associatedClients: 0,
    unassociatedClients: 101 },
  { time: '2016-02-18T13:00:00.000Z',
    uniqueClients: 110,
    engagedClients: 59,
    passersbyClients: 51,
    associatedClients: 0,
    unassociatedClients: 110 },
  { time: '2016-02-18T14:00:00.000Z',
    uniqueClients: 89,
    engagedClients: 50,
    passersbyClients: 39,
    associatedClients: 0,
    unassociatedClients: 89 },
  { time: '2016-02-18T15:00:00.000Z',
    uniqueClients: 104,
    engagedClients: 52,
    passersbyClients: 52,
    associatedClients: 0,
    unassociatedClients: 104 },
  { time: '2016-02-18T16:00:00.000Z',
    uniqueClients: 114,
    engagedClients: 65,
    passersbyClients: 49,
    associatedClients: 0,
    unassociatedClients: 114 },
  { time: '2016-02-18T17:00:00.000Z',
    uniqueClients: 104,
    engagedClients: 63,
    passersbyClients: 41,
    associatedClients: 0,
    unassociatedClients: 104 },
  { time: '2016-02-18T18:00:00.000Z',
    uniqueClients: 96,
    engagedClients: 57,
    passersbyClients: 39,
    associatedClients: 0,
    unassociatedClients: 96 },
  { time: '2016-02-18T19:00:00.000Z',
    uniqueClients: 91,
    engagedClients: 60,
    passersbyClients: 31,
    associatedClients: 0,
    unassociatedClients: 91 },
  { time: '2016-02-18T20:00:00.000Z',
    uniqueClients: 68,
    engagedClients: 55,
    passersbyClients: 13,
    associatedClients: 0,
    unassociatedClients: 68 },
  { time: '2016-02-18T21:00:00.000Z',
    uniqueClients: 76,
    engagedClients: 59,
    passersbyClients: 17,
    associatedClients: 0,
    unassociatedClients: 76 },
  { time: '2016-02-18T22:00:00.000Z',
    uniqueClients: 74,
    engagedClients: 59,
    passersbyClients: 15,
    associatedClients: 0,
    unassociatedClients: 74 },
  { time: '2016-02-18T23:00:00.000Z',
    uniqueClients: 69,
    engagedClients: 52,
    passersbyClients: 17,
    associatedClients: 0,
    unassociatedClients: 69 },
  { time: '2016-02-19T00:00:00.000Z',
    uniqueClients: 63,
    engagedClients: 51,
    passersbyClients: 12,
    associatedClients: 0,
    unassociatedClients: 63 },
  { time: '2016-02-19T01:00:00.000Z',
    uniqueClients: 56,
    engagedClients: 48,
    passersbyClients: 8,
    associatedClients: 0,
    unassociatedClients: 56 },
  { time: '2016-02-19T02:00:00.000Z',
    uniqueClients: 51,
    engagedClients: 42,
    passersbyClients: 9,
    associatedClients: 0,
    unassociatedClients: 51 },
  { time: '2016-02-19T03:00:00.000Z',
    uniqueClients: 53,
    engagedClients: 42,
    passersbyClients: 11,
    associatedClients: 0,
    unassociatedClients: 53 },
  { time: '2016-02-19T04:00:00.000Z',
    uniqueClients: 57,
    engagedClients: 46,
    passersbyClients: 11,
    associatedClients: 0,
    unassociatedClients: 57 },
  { time: '2016-02-19T05:00:00.000Z',
    uniqueClients: 68,
    engagedClients: 45,
    passersbyClients: 23,
    associatedClients: 0,
    unassociatedClients: 68 },
  { time: '2016-02-19T06:00:00.000Z',
    uniqueClients: 92,
    engagedClients: 49,
    passersbyClients: 43,
    associatedClients: 0,
    unassociatedClients: 92 },
  { time: '2016-02-19T07:00:00.000Z',
    uniqueClients: 103,
    engagedClients: 58,
    passersbyClients: 45,
    associatedClients: 0,
    unassociatedClients: 103 },
  { time: '2016-02-19T08:00:00.000Z',
    uniqueClients: 110,
    engagedClients: 66,
    passersbyClients: 44,
    associatedClients: 0,
    unassociatedClients: 110 },
  { time: '2016-02-19T09:00:00.000Z',
    uniqueClients: 162,
    engagedClients: 60,
    passersbyClients: 102,
    associatedClients: 0,
    unassociatedClients: 162 },
  { time: '2016-02-19T10:00:00.000Z',
    uniqueClients: 181,
    engagedClients: 52,
    passersbyClients: 129,
    associatedClients: 0,
    unassociatedClients: 181 },
  { time: '2016-02-19T11:00:00.000Z',
    uniqueClients: 209,
    engagedClients: 60,
    passersbyClients: 149,
    associatedClients: 0,
    unassociatedClients: 209 },
  { time: '2016-02-19T12:00:00.000Z',
    uniqueClients: 106,
    engagedClients: 61,
    passersbyClients: 45,
    associatedClients: 0,
    unassociatedClients: 106 },
  { time: '2016-02-19T13:00:00.000Z',
    uniqueClients: 93,
    engagedClients: 61,
    passersbyClients: 32,
    associatedClients: 0,
    unassociatedClients: 93 },
  { time: '2016-02-19T14:00:00.000Z',
    uniqueClients: 90,
    engagedClients: 57,
    passersbyClients: 33,
    associatedClients: 0,
    unassociatedClients: 90 },
  { time: '2016-02-19T15:00:00.000Z',
    uniqueClients: 89,
    engagedClients: 51,
    passersbyClients: 38,
    associatedClients: 0,
    unassociatedClients: 89 },
  { time: '2016-02-19T16:00:00.000Z',
    uniqueClients: 100,
    engagedClients: 64,
    passersbyClients: 36,
    associatedClients: 0,
    unassociatedClients: 100 },
  { time: '2016-02-19T17:00:00.000Z',
    uniqueClients: 110,
    engagedClients: 61,
    passersbyClients: 49,
    associatedClients: 0,
    unassociatedClients: 110 },
  { time: '2016-02-19T18:00:00.000Z',
    uniqueClients: 96,
    engagedClients: 67,
    passersbyClients: 29,
    associatedClients: 0,
    unassociatedClients: 96 },
  { time: '2016-02-19T19:00:00.000Z',
    uniqueClients: 102,
    engagedClients: 68,
    passersbyClients: 34,
    associatedClients: 0,
    unassociatedClients: 102 },
  { time: '2016-02-19T20:00:00.000Z',
    uniqueClients: 88,
    engagedClients: 62,
    passersbyClients: 26,
    associatedClients: 0,
    unassociatedClients: 88 },
  { time: '2016-02-19T21:00:00.000Z',
    uniqueClients: 90,
    engagedClients: 61,
    passersbyClients: 29,
    associatedClients: 0,
    unassociatedClients: 90 },
  { time: '2016-02-19T22:00:00.000Z',
    uniqueClients: 72,
    engagedClients: 56,
    passersbyClients: 16,
    associatedClients: 0,
    unassociatedClients: 72 },
  { time: '2016-02-19T23:00:00.000Z',
    uniqueClients: 57,
    engagedClients: 47,
    passersbyClients: 10,
    associatedClients: 0,
    unassociatedClients: 57 },
  { time: '2016-02-20T00:00:00.000Z',
    uniqueClients: 56,
    engagedClients: 44,
    passersbyClients: 12,
    associatedClients: 0,
    unassociatedClients: 56 },
  { time: '2016-02-20T01:00:00.000Z',
    uniqueClients: 49,
    engagedClients: 38,
    passersbyClients: 11,
    associatedClients: 0,
    unassociatedClients: 49 },
  { time: '2016-02-20T02:00:00.000Z',
    uniqueClients: 49,
    engagedClients: 39,
    passersbyClients: 10,
    associatedClients: 0,
    unassociatedClients: 49 },
  { time: '2016-02-20T03:00:00.000Z',
    uniqueClients: 52,
    engagedClients: 38,
    passersbyClients: 14,
    associatedClients: 0,
    unassociatedClients: 52 },
  { time: '2016-02-20T04:00:00.000Z',
    uniqueClients: 53,
    engagedClients: 39,
    passersbyClients: 14,
    associatedClients: 0,
    unassociatedClients: 53 },
  { time: '2016-02-20T05:00:00.000Z',
    uniqueClients: 46,
    engagedClients: 38,
    passersbyClients: 8,
    associatedClients: 0,
    unassociatedClients: 46 },
  { time: '2016-02-20T06:00:00.000Z',
    uniqueClients: 54,
    engagedClients: 42,
    passersbyClients: 12,
    associatedClients: 0,
    unassociatedClients: 54 },
  { time: '2016-02-20T07:00:00.000Z',
    uniqueClients: 75,
    engagedClients: 52,
    passersbyClients: 23,
    associatedClients: 0,
    unassociatedClients: 75 },
  { time: '2016-02-20T08:00:00.000Z',
    uniqueClients: 75,
    engagedClients: 53,
    passersbyClients: 22,
    associatedClients: 0,
    unassociatedClients: 75 },
  { time: '2016-02-20T09:00:00.000Z',
    uniqueClients: 117,
    engagedClients: 66,
    passersbyClients: 51,
    associatedClients: 0,
    unassociatedClients: 117 },
  { time: '2016-02-20T10:00:00.000Z',
    uniqueClients: 113,
    engagedClients: 68,
    passersbyClients: 45,
    associatedClients: 0,
    unassociatedClients: 113 },
  { time: '2016-02-20T11:00:00.000Z',
    uniqueClients: 116,
    engagedClients: 72,
    passersbyClients: 44,
    associatedClients: 0,
    unassociatedClients: 116 },
  { time: '2016-02-20T12:00:00.000Z',
    uniqueClients: 118,
    engagedClients: 73,
    passersbyClients: 45,
    associatedClients: 0,
    unassociatedClients: 118 },
  { time: '2016-02-20T13:00:00.000Z',
    uniqueClients: 122,
    engagedClients: 64,
    passersbyClients: 58,
    associatedClients: 0,
    unassociatedClients: 122 },
  { time: '2016-02-20T14:00:00.000Z',
    uniqueClients: 106,
    engagedClients: 61,
    passersbyClients: 45,
    associatedClients: 0,
    unassociatedClients: 106 },
  { time: '2016-02-20T15:00:00.000Z',
    uniqueClients: 99,
    engagedClients: 60,
    passersbyClients: 39,
    associatedClients: 0,
    unassociatedClients: 99 },
  { time: '2016-02-20T16:00:00.000Z',
    uniqueClients: 109,
    engagedClients: 61,
    passersbyClients: 48,
    associatedClients: 0,
    unassociatedClients: 109 },
  { time: '2016-02-20T17:00:00.000Z',
    uniqueClients: 95,
    engagedClients: 57,
    passersbyClients: 38,
    associatedClients: 0,
    unassociatedClients: 95 },
  { time: '2016-02-20T18:00:00.000Z',
    uniqueClients: 99,
    engagedClients: 55,
    passersbyClients: 44,
    associatedClients: 0,
    unassociatedClients: 99 },
  { time: '2016-02-20T19:00:00.000Z',
    uniqueClients: 80,
    engagedClients: 47,
    passersbyClients: 33,
    associatedClients: 0,
    unassociatedClients: 80 },
  { time: '2016-02-20T20:00:00.000Z',
    uniqueClients: 79,
    engagedClients: 46,
    passersbyClients: 33,
    associatedClients: 0,
    unassociatedClients: 79 },
  { time: '2016-02-20T21:00:00.000Z',
    uniqueClients: 84,
    engagedClients: 55,
    passersbyClients: 29,
    associatedClients: 0,
    unassociatedClients: 84 },
  { time: '2016-02-20T22:00:00.000Z',
    uniqueClients: 78,
    engagedClients: 48,
    passersbyClients: 30,
    associatedClients: 0,
    unassociatedClients: 78 },
  { time: '2016-02-20T23:00:00.000Z',
    uniqueClients: 64,
    engagedClients: 47,
    passersbyClients: 17,
    associatedClients: 0,
    unassociatedClients: 64 },
  { time: '2016-02-21T00:00:00.000Z',
    uniqueClients: 53,
    engagedClients: 43,
    passersbyClients: 10,
    associatedClients: 0,
    unassociatedClients: 53 } ]
====================2
[ { time: '2016-01-31T00:00:00.000Z',
    uniqueClients: 71,
    engagedClients: 42,
    passersbyClients: 29,
    associatedClients: 0,
    unassociatedClients: 71 },
  { time: '2016-01-31T01:00:00.000Z',
    uniqueClients: 66,
    engagedClients: 45,
    passersbyClients: 21,
    associatedClients: 0,
    unassociatedClients: 66 },
  { time: '2016-01-31T02:00:00.000Z',
    uniqueClients: 59,
    engagedClients: 40,
    passersbyClients: 19,
    associatedClients: 0,
    unassociatedClients: 59 },
  { time: '2016-01-31T03:00:00.000Z',
    uniqueClients: 54,
    engagedClients: 39,
    passersbyClients: 15,
    associatedClients: 0,
    unassociatedClients: 54 },
  { time: '2016-01-31T04:00:00.000Z',
    uniqueClients: 52,
    engagedClients: 47,
    passersbyClients: 5,
    associatedClients: 0,
    unassociatedClients: 52 },
  { time: '2016-01-31T05:00:00.000Z',
    uniqueClients: 61,
    engagedClients: 43,
    passersbyClients: 18,
    associatedClients: 0,
    unassociatedClients: 61 },
  { time: '2016-01-31T06:00:00.000Z',
    uniqueClients: 63,
    engagedClients: 43,
    passersbyClients: 20,
    associatedClients: 0,
    unassociatedClients: 63 },
  { time: '2016-01-31T07:00:00.000Z',
    uniqueClients: 45,
    engagedClients: 40,
    passersbyClients: 5,
    associatedClients: 0,
    unassociatedClients: 45 },
  { time: '2016-01-31T08:00:00.000Z',
    uniqueClients: 27,
    engagedClients: 25,
    passersbyClients: 2,
    associatedClients: 0,
    unassociatedClients: 27 },
  { time: '2016-01-31T09:00:00.000Z',
    uniqueClients: 68,
    engagedClients: 43,
    passersbyClients: 25,
    associatedClients: 0,
    unassociatedClients: 68 },
  { time: '2016-01-31T10:00:00.000Z',
    uniqueClients: 74,
    engagedClients: 51,
    passersbyClients: 23,
    associatedClients: 0,
    unassociatedClients: 74 },
  { time: '2016-01-31T11:00:00.000Z',
    uniqueClients: 76,
    engagedClients: 57,
    passersbyClients: 19,
    associatedClients: 0,
    unassociatedClients: 76 },
  { time: '2016-01-31T12:00:00.000Z',
    uniqueClients: 72,
    engagedClients: 56,
    passersbyClients: 16,
    associatedClients: 0,
    unassociatedClients: 72 },
  { time: '2016-01-31T13:00:00.000Z',
    uniqueClients: 82,
    engagedClients: 53,
    passersbyClients: 29,
    associatedClients: 0,
    unassociatedClients: 82 },
  { time: '2016-01-31T14:00:00.000Z',
    uniqueClients: 82,
    engagedClients: 61,
    passersbyClients: 21,
    associatedClients: 0,
    unassociatedClients: 82 },
  { time: '2016-01-31T15:00:00.000Z',
    uniqueClients: 84,
    engagedClients: 57,
    passersbyClients: 27,
    associatedClients: 0,
    unassociatedClients: 84 },
  { time: '2016-01-31T16:00:00.000Z',
    uniqueClients: 95,
    engagedClients: 69,
    passersbyClients: 26,
    associatedClients: 0,
    unassociatedClients: 95 },
  { time: '2016-01-31T17:00:00.000Z',
    uniqueClients: 78,
    engagedClients: 68,
    passersbyClients: 10,
    associatedClients: 0,
    unassociatedClients: 78 },
  { time: '2016-01-31T18:00:00.000Z',
    uniqueClients: 57,
    engagedClients: 48,
    passersbyClients: 9,
    associatedClients: 0,
    unassociatedClients: 57 },
  { time: '2016-01-31T19:00:00.000Z',
    uniqueClients: 102,
    engagedClients: 66,
    passersbyClients: 36,
    associatedClients: 0,
    unassociatedClients: 102 },
  { time: '2016-01-31T20:00:00.000Z',
    uniqueClients: 86,
    engagedClients: 69,
    passersbyClients: 17,
    associatedClients: 0,
    unassociatedClients: 86 },
  { time: '2016-01-31T21:00:00.000Z',
    uniqueClients: 86,
    engagedClients: 65,
    passersbyClients: 21,
    associatedClients: 0,
    unassociatedClients: 86 },
  { time: '2016-01-31T22:00:00.000Z',
    uniqueClients: 91,
    engagedClients: 67,
    passersbyClients: 24,
    associatedClients: 0,
    unassociatedClients: 91 },
  { time: '2016-01-31T23:00:00.000Z',
    uniqueClients: 70,
    engagedClients: 56,
    passersbyClients: 14,
    associatedClients: 0,
    unassociatedClients: 70 },
  { time: '2016-02-01T00:00:00.000Z',
    uniqueClients: 59,
    engagedClients: 50,
    passersbyClients: 9,
    associatedClients: 0,
    unassociatedClients: 59 },
  { time: '2016-02-01T01:00:00.000Z',
    uniqueClients: 54,
    engagedClients: 42,
    passersbyClients: 12,
    associatedClients: 0,
    unassociatedClients: 54 },
  { time: '2016-02-01T02:00:00.000Z',
    uniqueClients: 58,
    engagedClients: 41,
    passersbyClients: 17,
    associatedClients: 0,
    unassociatedClients: 58 },
  { time: '2016-02-01T03:00:00.000Z',
    uniqueClients: 61,
    engagedClients: 44,
    passersbyClients: 17,
    associatedClients: 0,
    unassociatedClients: 61 },
  { time: '2016-02-01T04:00:00.000Z',
    uniqueClients: 61,
    engagedClients: 44,
    passersbyClients: 17,
    associatedClients: 0,
    unassociatedClients: 61 },
  { time: '2016-02-01T05:00:00.000Z',
    uniqueClients: 85,
    engagedClients: 54,
    passersbyClients: 31,
    associatedClients: 0,
    unassociatedClients: 85 },
  { time: '2016-02-01T06:00:00.000Z',
    uniqueClients: 108,
    engagedClients: 56,
    passersbyClients: 52,
    associatedClients: 0,
    unassociatedClients: 108 },
  { time: '2016-02-01T07:00:00.000Z',
    uniqueClients: 108,
    engagedClients: 63,
    passersbyClients: 45,
    associatedClients: 0,
    unassociatedClients: 108 },
  { time: '2016-02-01T08:00:00.000Z',
    uniqueClients: 98,
    engagedClients: 62,
    passersbyClients: 36,
    associatedClients: 0,
    unassociatedClients: 98 },
  { time: '2016-02-01T09:00:00.000Z',
    uniqueClients: 70,
    engagedClients: 54,
    passersbyClients: 16,
    associatedClients: 0,
    unassociatedClients: 70 },
  { time: '2016-02-01T10:00:00.000Z',
    uniqueClients: 96,
    engagedClients: 65,
    passersbyClients: 31,
    associatedClients: 0,
    unassociatedClients: 96 },
  { time: '2016-02-01T11:00:00.000Z',
    uniqueClients: 96,
    engagedClients: 64,
    passersbyClients: 32,
    associatedClients: 0,
    unassociatedClients: 96 },
  { time: '2016-02-01T12:00:00.000Z',
    uniqueClients: 59,
    engagedClients: 48,
    passersbyClients: 11,
    associatedClients: 0,
    unassociatedClients: 59 },
  { time: '2016-02-01T13:00:00.000Z',
    uniqueClients: 0,
    engagedClients: 0,
    passersbyClients: 0,
    associatedClients: 0,
    unassociatedClients: 0 },
  { time: '2016-02-01T14:00:00.000Z',
    uniqueClients: 61,
    engagedClients: 51,
    passersbyClients: 10,
    associatedClients: 0,
    unassociatedClients: 61 },
  { time: '2016-02-01T15:00:00.000Z',
    uniqueClients: 87,
    engagedClients: 58,
    passersbyClients: 29,
    associatedClients: 0,
    unassociatedClients: 87 },
  { time: '2016-02-01T16:00:00.000Z',
    uniqueClients: 102,
    engagedClients: 68,
    passersbyClients: 34,
    associatedClients: 0,
    unassociatedClients: 102 },
  { time: '2016-02-01T17:00:00.000Z',
    uniqueClients: 92,
    engagedClients: 62,
    passersbyClients: 30,
    associatedClients: 0,
    unassociatedClients: 92 },
  { time: '2016-02-01T18:00:00.000Z',
    uniqueClients: 84,
    engagedClients: 66,
    passersbyClients: 18,
    associatedClients: 0,
    unassociatedClients: 84 },
  { time: '2016-02-01T19:00:00.000Z',
    uniqueClients: 98,
    engagedClients: 75,
    passersbyClients: 23,
    associatedClients: 0,
    unassociatedClients: 98 },
  { time: '2016-02-01T20:00:00.000Z',
    uniqueClients: 107,
    engagedClients: 84,
    passersbyClients: 23,
    associatedClients: 0,
    unassociatedClients: 107 },
  { time: '2016-02-01T21:00:00.000Z',
    uniqueClients: 0,
    engagedClients: 0,
    passersbyClients: 0,
    associatedClients: 0,
    unassociatedClients: 0 },
  { time: '2016-02-01T22:00:00.000Z',
    uniqueClients: 0,
    engagedClients: 0,
    passersbyClients: 0,
    associatedClients: 0,
    unassociatedClients: 0 },
  { time: '2016-02-01T23:00:00.000Z',
    uniqueClients: 0,
    engagedClients: 0,
    passersbyClients: 0,
    associatedClients: 0,
    unassociatedClients: 0 },
  { time: '2016-02-02T00:00:00.000Z',
    uniqueClients: 12,
    engagedClients: 12,
    passersbyClients: 0,
    associatedClients: 0,
    unassociatedClients: 12 },
  { time: '2016-02-02T01:00:00.000Z',
    uniqueClients: 16,
    engagedClients: 15,
    passersbyClients: 1,
    associatedClients: 0,
    unassociatedClients: 16 },
  { time: '2016-02-02T02:00:00.000Z',
    uniqueClients: 16,
    engagedClients: 15,
    passersbyClients: 1,
    associatedClients: 0,
    unassociatedClients: 16 },
  { time: '2016-02-02T03:00:00.000Z',
    uniqueClients: 18,
    engagedClients: 17,
    passersbyClients: 1,
    associatedClients: 0,
    unassociatedClients: 18 },
  { time: '2016-02-02T04:00:00.000Z',
    uniqueClients: 19,
    engagedClients: 17,
    passersbyClients: 2,
    associatedClients: 0,
    unassociatedClients: 19 },
  { time: '2016-02-02T05:00:00.000Z',
    uniqueClients: 29,
    engagedClients: 17,
    passersbyClients: 12,
    associatedClients: 0,
    unassociatedClients: 29 },
  { time: '2016-02-02T06:00:00.000Z',
    uniqueClients: 31,
    engagedClients: 19,
    passersbyClients: 12,
    associatedClients: 0,
    unassociatedClients: 31 },
  { time: '2016-02-02T07:00:00.000Z',
    uniqueClients: 28,
    engagedClients: 17,
    passersbyClients: 11,
    associatedClients: 0,
    unassociatedClients: 28 },
  { time: '2016-02-02T08:00:00.000Z',
    uniqueClients: 24,
    engagedClients: 18,
    passersbyClients: 6,
    associatedClients: 0,
    unassociatedClients: 24 },
  { time: '2016-02-02T09:00:00.000Z',
    uniqueClients: 20,
    engagedClients: 14,
    passersbyClients: 6,
    associatedClients: 0,
    unassociatedClients: 20 },
  { time: '2016-02-02T10:00:00.000Z',
    uniqueClients: 28,
    engagedClients: 16,
    passersbyClients: 12,
    associatedClients: 0,
    unassociatedClients: 28 },
  { time: '2016-02-02T11:00:00.000Z',
    uniqueClients: 21,
    engagedClients: 19,
    passersbyClients: 2,
    associatedClients: 0,
    unassociatedClients: 21 },
  { time: '2016-02-02T12:00:00.000Z',
    uniqueClients: 83,
    engagedClients: 60,
    passersbyClients: 23,
    associatedClients: 0,
    unassociatedClients: 83 },
  { time: '2016-02-02T13:00:00.000Z',
    uniqueClients: 79,
    engagedClients: 65,
    passersbyClients: 14,
    associatedClients: 0,
    unassociatedClients: 79 },
  { time: '2016-02-02T14:00:00.000Z',
    uniqueClients: 78,
    engagedClients: 61,
    passersbyClients: 17,
    associatedClients: 0,
    unassociatedClients: 78 },
  { time: '2016-02-02T15:00:00.000Z',
    uniqueClients: 101,
    engagedClients: 68,
    passersbyClients: 33,
    associatedClients: 0,
    unassociatedClients: 101 },
  { time: '2016-02-02T16:00:00.000Z',
    uniqueClients: 111,
    engagedClients: 79,
    passersbyClients: 32,
    associatedClients: 0,
    unassociatedClients: 111 },
  { time: '2016-02-02T17:00:00.000Z',
    uniqueClients: 116,
    engagedClients: 81,
    passersbyClients: 35,
    associatedClients: 0,
    unassociatedClients: 116 },
  { time: '2016-02-02T18:00:00.000Z',
    uniqueClients: 93,
    engagedClients: 74,
    passersbyClients: 19,
    associatedClients: 0,
    unassociatedClients: 93 },
  { time: '2016-02-02T19:00:00.000Z',
    uniqueClients: 93,
    engagedClients: 69,
    passersbyClients: 24,
    associatedClients: 0,
    unassociatedClients: 93 },
  { time: '2016-02-02T20:00:00.000Z',
    uniqueClients: 79,
    engagedClients: 59,
    passersbyClients: 20,
    associatedClients: 0,
    unassociatedClients: 79 },
  { time: '2016-02-02T21:00:00.000Z',
    uniqueClients: 89,
    engagedClients: 69,
    passersbyClients: 20,
    associatedClients: 0,
    unassociatedClients: 89 },
  { time: '2016-02-02T22:00:00.000Z',
    uniqueClients: 76,
    engagedClients: 62,
    passersbyClients: 14,
    associatedClients: 0,
    unassociatedClients: 76 },
  { time: '2016-02-02T23:00:00.000Z',
    uniqueClients: 63,
    engagedClients: 58,
    passersbyClients: 5,
    associatedClients: 0,
    unassociatedClients: 63 },
  { time: '2016-02-03T00:00:00.000Z',
    uniqueClients: 62,
    engagedClients: 55,
    passersbyClients: 7,
    associatedClients: 0,
    unassociatedClients: 62 },
  { time: '2016-02-03T01:00:00.000Z',
    uniqueClients: 53,
    engagedClients: 49,
    passersbyClients: 4,
    associatedClients: 0,
    unassociatedClients: 53 },
  { time: '2016-02-03T02:00:00.000Z',
    uniqueClients: 57,
    engagedClients: 50,
    passersbyClients: 7,
    associatedClients: 0,
    unassociatedClients: 57 },
  { time: '2016-02-03T03:00:00.000Z',
    uniqueClients: 57,
    engagedClients: 50,
    passersbyClients: 7,
    associatedClients: 0,
    unassociatedClients: 57 },
  { time: '2016-02-03T04:00:00.000Z',
    uniqueClients: 56,
    engagedClients: 46,
    passersbyClients: 10,
    associatedClients: 0,
    unassociatedClients: 56 },
  { time: '2016-02-03T05:00:00.000Z',
    uniqueClients: 69,
    engagedClients: 51,
    passersbyClients: 18,
    associatedClients: 0,
    unassociatedClients: 69 },
  { time: '2016-02-03T06:00:00.000Z',
    uniqueClients: 97,
    engagedClients: 58,
    passersbyClients: 39,
    associatedClients: 0,
    unassociatedClients: 97 },
  { time: '2016-02-03T07:00:00.000Z',
    uniqueClients: 102,
    engagedClients: 66,
    passersbyClients: 36,
    associatedClients: 0,
    unassociatedClients: 102 },
  { time: '2016-02-03T08:00:00.000Z',
    uniqueClients: 88,
    engagedClients: 61,
    passersbyClients: 27,
    associatedClients: 0,
    unassociatedClients: 88 },
  { time: '2016-02-03T09:00:00.000Z',
    uniqueClients: 80,
    engagedClients: 60,
    passersbyClients: 20,
    associatedClients: 0,
    unassociatedClients: 80 },
  { time: '2016-02-03T10:00:00.000Z',
    uniqueClients: 24,
    engagedClients: 18,
    passersbyClients: 6,
    associatedClients: 0,
    unassociatedClients: 24 },
  { time: '2016-02-03T11:00:00.000Z',
    uniqueClients: 36,
    engagedClients: 20,
    passersbyClients: 16,
    associatedClients: 0,
    unassociatedClients: 36 },
  { time: '2016-02-03T12:00:00.000Z',
    uniqueClients: 33,
    engagedClients: 20,
    passersbyClients: 13,
    associatedClients: 0,
    unassociatedClients: 33 },
  { time: '2016-02-03T13:00:00.000Z',
    uniqueClients: 38,
    engagedClients: 19,
    passersbyClients: 19,
    associatedClients: 0,
    unassociatedClients: 38 },
  { time: '2016-02-03T14:00:00.000Z',
    uniqueClients: 26,
    engagedClients: 18,
    passersbyClients: 8,
    associatedClients: 0,
    unassociatedClients: 26 },
  { time: '2016-02-03T15:00:00.000Z',
    uniqueClients: 32,
    engagedClients: 21,
    passersbyClients: 11,
    associatedClients: 0,
    unassociatedClients: 32 },
  { time: '2016-02-03T16:00:00.000Z',
    uniqueClients: 30,
    engagedClients: 20,
    passersbyClients: 10,
    associatedClients: 0,
    unassociatedClients: 30 },
  { time: '2016-02-03T17:00:00.000Z',
    uniqueClients: 37,
    engagedClients: 22,
    passersbyClients: 15,
    associatedClients: 0,
    unassociatedClients: 37 },
  { time: '2016-02-03T18:00:00.000Z',
    uniqueClients: 34,
    engagedClients: 24,
    passersbyClients: 10,
    associatedClients: 0,
    unassociatedClients: 34 },
  { time: '2016-02-03T19:00:00.000Z',
    uniqueClients: 38,
    engagedClients: 26,
    passersbyClients: 12,
    associatedClients: 0,
    unassociatedClients: 38 },
  { time: '2016-02-03T20:00:00.000Z',
    uniqueClients: 94,
    engagedClients: 74,
    passersbyClients: 20,
    associatedClients: 0,
    unassociatedClients: 94 },
  { time: '2016-02-03T21:00:00.000Z',
    uniqueClients: 81,
    engagedClients: 69,
    passersbyClients: 12,
    associatedClients: 0,
    unassociatedClients: 81 },
  { time: '2016-02-03T22:00:00.000Z',
    uniqueClients: 56,
    engagedClients: 50,
    passersbyClients: 6,
    associatedClients: 0,
    unassociatedClients: 56 },
  { time: '2016-02-03T23:00:00.000Z',
    uniqueClients: 56,
    engagedClients: 50,
    passersbyClients: 6,
    associatedClients: 0,
    unassociatedClients: 56 },
  { time: '2016-02-04T00:00:00.000Z',
    uniqueClients: 56,
    engagedClients: 48,
    passersbyClients: 8,
    associatedClients: 0,
    unassociatedClients: 56 },
  { time: '2016-02-04T01:00:00.000Z',
    uniqueClients: 49,
    engagedClients: 44,
    passersbyClients: 5,
    associatedClients: 0,
    unassociatedClients: 49 },
  { time: '2016-02-04T02:00:00.000Z',
    uniqueClients: 52,
    engagedClients: 49,
    passersbyClients: 3,
    associatedClients: 0,
    unassociatedClients: 52 },
  { time: '2016-02-04T03:00:00.000Z',
    uniqueClients: 55,
    engagedClients: 51,
    passersbyClients: 4,
    associatedClients: 0,
    unassociatedClients: 55 },
  { time: '2016-02-04T04:00:00.000Z',
    uniqueClients: 51,
    engagedClients: 48,
    passersbyClients: 3,
    associatedClients: 0,
    unassociatedClients: 51 },
  { time: '2016-02-04T05:00:00.000Z',
    uniqueClients: 61,
    engagedClients: 52,
    passersbyClients: 9,
    associatedClients: 0,
    unassociatedClients: 61 },
  { time: '2016-02-04T06:00:00.000Z',
    uniqueClients: 99,
    engagedClients: 62,
    passersbyClients: 37,
    associatedClients: 0,
    unassociatedClients: 99 },
  { time: '2016-02-04T07:00:00.000Z',
    uniqueClients: 104,
    engagedClients: 59,
    passersbyClients: 45,
    associatedClients: 0,
    unassociatedClients: 104 },
  { time: '2016-02-04T08:00:00.000Z',
    uniqueClients: 84,
    engagedClients: 65,
    passersbyClients: 19,
    associatedClients: 0,
    unassociatedClients: 84 },
  { time: '2016-02-04T09:00:00.000Z',
    uniqueClients: 81,
    engagedClients: 57,
    passersbyClients: 24,
    associatedClients: 0,
    unassociatedClients: 81 },
  { time: '2016-02-04T10:00:00.000Z',
    uniqueClients: 72,
    engagedClients: 52,
    passersbyClients: 20,
    associatedClients: 0,
    unassociatedClients: 72 },
  { time: '2016-02-04T11:00:00.000Z',
    uniqueClients: 73,
    engagedClients: 54,
    passersbyClients: 19,
    associatedClients: 0,
    unassociatedClients: 73 },
  { time: '2016-02-04T12:00:00.000Z',
    uniqueClients: 44,
    engagedClients: 40,
    passersbyClients: 4,
    associatedClients: 0,
    unassociatedClients: 44 },
  { time: '2016-02-04T13:00:00.000Z',
    uniqueClients: 0,
    engagedClients: 0,
    passersbyClients: 0,
    associatedClients: 0,
    unassociatedClients: 0 },
  { time: '2016-02-04T14:00:00.000Z',
    uniqueClients: 70,
    engagedClients: 55,
    passersbyClients: 15,
    associatedClients: 0,
    unassociatedClients: 70 },
  { time: '2016-02-04T15:00:00.000Z',
    uniqueClients: 79,
    engagedClients: 63,
    passersbyClients: 16,
    associatedClients: 0,
    unassociatedClients: 79 },
  { time: '2016-02-04T16:00:00.000Z',
    uniqueClients: 87,
    engagedClients: 71,
    passersbyClients: 16,
    associatedClients: 0,
    unassociatedClients: 87 },
  { time: '2016-02-04T17:00:00.000Z',
    uniqueClients: 91,
    engagedClients: 65,
    passersbyClients: 26,
    associatedClients: 0,
    unassociatedClients: 91 },
  { time: '2016-02-04T18:00:00.000Z',
    uniqueClients: 84,
    engagedClients: 67,
    passersbyClients: 17,
    associatedClients: 0,
    unassociatedClients: 84 },
  { time: '2016-02-04T19:00:00.000Z',
    uniqueClients: 98,
    engagedClients: 77,
    passersbyClients: 21,
    associatedClients: 0,
    unassociatedClients: 98 },
  { time: '2016-02-04T20:00:00.000Z',
    uniqueClients: 89,
    engagedClients: 79,
    passersbyClients: 10,
    associatedClients: 0,
    unassociatedClients: 89 },
  { time: '2016-02-04T21:00:00.000Z',
    uniqueClients: 83,
    engagedClients: 74,
    passersbyClients: 9,
    associatedClients: 0,
    unassociatedClients: 83 },
  { time: '2016-02-04T22:00:00.000Z',
    uniqueClients: 67,
    engagedClients: 58,
    passersbyClients: 9,
    associatedClients: 0,
    unassociatedClients: 67 },
  { time: '2016-02-04T23:00:00.000Z',
    uniqueClients: 46,
    engagedClients: 46,
    passersbyClients: 0,
    associatedClients: 0,
    unassociatedClients: 46 },
  { time: '2016-02-05T00:00:00.000Z',
    uniqueClients: 42,
    engagedClients: 38,
    passersbyClients: 4,
    associatedClients: 0,
    unassociatedClients: 42 },
  { time: '2016-02-05T01:00:00.000Z',
    uniqueClients: 54,
    engagedClients: 44,
    passersbyClients: 10,
    associatedClients: 0,
    unassociatedClients: 54 },
  { time: '2016-02-05T02:00:00.000Z',
    uniqueClients: 50,
    engagedClients: 40,
    passersbyClients: 10,
    associatedClients: 0,
    unassociatedClients: 50 },
  { time: '2016-02-05T03:00:00.000Z',
    uniqueClients: 53,
    engagedClients: 50,
    passersbyClients: 3,
    associatedClients: 0,
    unassociatedClients: 53 },
  { time: '2016-02-05T04:00:00.000Z',
    uniqueClients: 45,
    engagedClients: 42,
    passersbyClients: 3,
    associatedClients: 0,
    unassociatedClients: 45 },
  { time: '2016-02-05T05:00:00.000Z',
    uniqueClients: 66,
    engagedClients: 51,
    passersbyClients: 15,
    associatedClients: 0,
    unassociatedClients: 66 },
  { time: '2016-02-05T06:00:00.000Z',
    uniqueClients: 98,
    engagedClients: 53,
    passersbyClients: 45,
    associatedClients: 0,
    unassociatedClients: 98 },
  { time: '2016-02-05T07:00:00.000Z',
    uniqueClients: 101,
    engagedClients: 68,
    passersbyClients: 33,
    associatedClients: 0,
    unassociatedClients: 101 },
  { time: '2016-02-05T08:00:00.000Z',
    uniqueClients: 91,
    engagedClients: 67,
    passersbyClients: 24,
    associatedClients: 0,
    unassociatedClients: 91 },
  { time: '2016-02-05T09:00:00.000Z',
    uniqueClients: 98,
    engagedClients: 67,
    passersbyClients: 31,
    associatedClients: 0,
    unassociatedClients: 98 },
  { time: '2016-02-05T10:00:00.000Z',
    uniqueClients: 84,
    engagedClients: 66,
    passersbyClients: 18,
    associatedClients: 0,
    unassociatedClients: 84 },
  { time: '2016-02-05T11:00:00.000Z',
    uniqueClients: 98,
    engagedClients: 71,
    passersbyClients: 27,
    associatedClients: 0,
    unassociatedClients: 98 },
  { time: '2016-02-05T12:00:00.000Z',
    uniqueClients: 73,
    engagedClients: 59,
    passersbyClients: 14,
    associatedClients: 0,
    unassociatedClients: 73 },
  { time: '2016-02-05T13:00:00.000Z',
    uniqueClients: 72,
    engagedClients: 58,
    passersbyClients: 14,
    associatedClients: 0,
    unassociatedClients: 72 },
  { time: '2016-02-05T14:00:00.000Z',
    uniqueClients: 77,
    engagedClients: 62,
    passersbyClients: 15,
    associatedClients: 0,
    unassociatedClients: 77 },
  { time: '2016-02-05T15:00:00.000Z',
    uniqueClients: 64,
    engagedClients: 58,
    passersbyClients: 6,
    associatedClients: 0,
    unassociatedClients: 64 },
  { time: '2016-02-05T16:00:00.000Z',
    uniqueClients: 85,
    engagedClients: 62,
    passersbyClients: 23,
    associatedClients: 0,
    unassociatedClients: 85 },
  { time: '2016-02-05T17:00:00.000Z',
    uniqueClients: 110,
    engagedClients: 66,
    passersbyClients: 44,
    associatedClients: 0,
    unassociatedClients: 110 },
  { time: '2016-02-05T18:00:00.000Z',
    uniqueClients: 105,
    engagedClients: 81,
    passersbyClients: 24,
    associatedClients: 0,
    unassociatedClients: 105 },
  { time: '2016-02-05T19:00:00.000Z',
    uniqueClients: 111,
    engagedClients: 85,
    passersbyClients: 26,
    associatedClients: 0,
    unassociatedClients: 111 },
  { time: '2016-02-05T20:00:00.000Z',
    uniqueClients: 96,
    engagedClients: 84,
    passersbyClients: 12,
    associatedClients: 0,
    unassociatedClients: 96 },
  { time: '2016-02-05T21:00:00.000Z',
    uniqueClients: 87,
    engagedClients: 75,
    passersbyClients: 12,
    associatedClients: 0,
    unassociatedClients: 87 },
  { time: '2016-02-05T22:00:00.000Z',
    uniqueClients: 76,
    engagedClients: 66,
    passersbyClients: 10,
    associatedClients: 0,
    unassociatedClients: 76 },
  { time: '2016-02-05T23:00:00.000Z',
    uniqueClients: 74,
    engagedClients: 67,
    passersbyClients: 7,
    associatedClients: 0,
    unassociatedClients: 74 },
  { time: '2016-02-06T00:00:00.000Z',
    uniqueClients: 57,
    engagedClients: 51,
    passersbyClients: 6,
    associatedClients: 0,
    unassociatedClients: 57 },
  { time: '2016-02-06T01:00:00.000Z',
    uniqueClients: 49,
    engagedClients: 44,
    passersbyClients: 5,
    associatedClients: 0,
    unassociatedClients: 49 },
  { time: '2016-02-06T02:00:00.000Z',
    uniqueClients: 62,
    engagedClients: 54,
    passersbyClients: 8,
    associatedClients: 0,
    unassociatedClients: 62 },
  { time: '2016-02-06T03:00:00.000Z',
    uniqueClients: 45,
    engagedClients: 43,
    passersbyClients: 2,
    associatedClients: 0,
    unassociatedClients: 45 },
  { time: '2016-02-06T04:00:00.000Z',
    uniqueClients: 47,
    engagedClients: 44,
    passersbyClients: 3,
    associatedClients: 0,
    unassociatedClients: 47 },
  { time: '2016-02-06T05:00:00.000Z',
    uniqueClients: 43,
    engagedClients: 37,
    passersbyClients: 6,
    associatedClients: 0,
    unassociatedClients: 43 },
  { time: '2016-02-06T06:00:00.000Z',
    uniqueClients: 56,
    engagedClients: 49,
    passersbyClients: 7,
    associatedClients: 0,
    unassociatedClients: 56 },
  { time: '2016-02-06T07:00:00.000Z',
    uniqueClients: 53,
    engagedClients: 42,
    passersbyClients: 11,
    associatedClients: 0,
    unassociatedClients: 53 },
  { time: '2016-02-06T08:00:00.000Z',
    uniqueClients: 0,
    engagedClients: 0,
    passersbyClients: 0,
    associatedClients: 0,
    unassociatedClients: 0 },
  { time: '2016-02-06T09:00:00.000Z',
    uniqueClients: 70,
    engagedClients: 43,
    passersbyClients: 27,
    associatedClients: 0,
    unassociatedClients: 70 },
  { time: '2016-02-06T10:00:00.000Z',
    uniqueClients: 82,
    engagedClients: 58,
    passersbyClients: 24,
    associatedClients: 0,
    unassociatedClients: 82 },
  { time: '2016-02-06T11:00:00.000Z',
    uniqueClients: 82,
    engagedClients: 61,
    passersbyClients: 21,
    associatedClients: 0,
    unassociatedClients: 82 },
  { time: '2016-02-06T12:00:00.000Z',
    uniqueClients: 71,
    engagedClients: 57,
    passersbyClients: 14,
    associatedClients: 0,
    unassociatedClients: 71 },
  { time: '2016-02-06T13:00:00.000Z',
    uniqueClients: 81,
    engagedClients: 56,
    passersbyClients: 25,
    associatedClients: 0,
    unassociatedClients: 81 },
  { time: '2016-02-06T14:00:00.000Z',
    uniqueClients: 99,
    engagedClients: 62,
    passersbyClients: 37,
    associatedClients: 0,
    unassociatedClients: 99 },
  { time: '2016-02-06T15:00:00.000Z',
    uniqueClients: 88,
    engagedClients: 66,
    passersbyClients: 22,
    associatedClients: 0,
    unassociatedClients: 88 },
  { time: '2016-02-06T16:00:00.000Z',
    uniqueClients: 91,
    engagedClients: 72,
    passersbyClients: 19,
    associatedClients: 0,
    unassociatedClients: 91 },
  { time: '2016-02-06T17:00:00.000Z',
    uniqueClients: 96,
    engagedClients: 71,
    passersbyClients: 25,
    associatedClients: 0,
    unassociatedClients: 96 },
  { time: '2016-02-06T18:00:00.000Z',
    uniqueClients: 95,
    engagedClients: 72,
    passersbyClients: 23,
    associatedClients: 0,
    unassociatedClients: 95 },
  { time: '2016-02-06T19:00:00.000Z',
    uniqueClients: 75,
    engagedClients: 61,
    passersbyClients: 14,
    associatedClients: 0,
    unassociatedClients: 75 },
  { time: '2016-02-06T20:00:00.000Z',
    uniqueClients: 0,
    engagedClients: 0,
    passersbyClients: 0,
    associatedClients: 0,
    unassociatedClients: 0 },
  { time: '2016-02-06T21:00:00.000Z',
    uniqueClients: 67,
    engagedClients: 43,
    passersbyClients: 24,
    associatedClients: 0,
    unassociatedClients: 67 },
  { time: '2016-02-06T22:00:00.000Z',
    uniqueClients: 66,
    engagedClients: 46,
    passersbyClients: 20,
    associatedClients: 0,
    unassociatedClients: 66 },
  { time: '2016-02-06T23:00:00.000Z',
    uniqueClients: 61,
    engagedClients: 46,
    passersbyClients: 15,
    associatedClients: 0,
    unassociatedClients: 61 },
  { time: '2016-02-07T00:00:00.000Z',
    uniqueClients: 48,
    engagedClients: 41,
    passersbyClients: 7,
    associatedClients: 0,
    unassociatedClients: 48 } ]
====================1
[ { time: '2016-02-07T00:00:00.000Z',
    uniqueClients: 48,
    engagedClients: 41,
    passersbyClients: 7,
    associatedClients: 0,
    unassociatedClients: 48 },
  { time: '2016-02-07T01:00:00.000Z',
    uniqueClients: 43,
    engagedClients: 38,
    passersbyClients: 5,
    associatedClients: 0,
    unassociatedClients: 43 },
  { time: '2016-02-07T02:00:00.000Z',
    uniqueClients: 38,
    engagedClients: 34,
    passersbyClients: 4,
    associatedClients: 0,
    unassociatedClients: 38 },
  { time: '2016-02-07T03:00:00.000Z',
    uniqueClients: 34,
    engagedClients: 31,
    passersbyClients: 3,
    associatedClients: 0,
    unassociatedClients: 34 },
  { time: '2016-02-07T04:00:00.000Z',
    uniqueClients: 36,
    engagedClients: 32,
    passersbyClients: 4,
    associatedClients: 0,
    unassociatedClients: 36 },
  { time: '2016-02-07T05:00:00.000Z',
    uniqueClients: 43,
    engagedClients: 37,
    passersbyClients: 6,
    associatedClients: 0,
    unassociatedClients: 43 },
  { time: '2016-02-07T06:00:00.000Z',
    uniqueClients: 39,
    engagedClients: 30,
    passersbyClients: 9,
    associatedClients: 0,
    unassociatedClients: 39 },
  { time: '2016-02-07T07:00:00.000Z',
    uniqueClients: 49,
    engagedClients: 38,
    passersbyClients: 11,
    associatedClients: 0,
    unassociatedClients: 49 },
  { time: '2016-02-07T08:00:00.000Z',
    uniqueClients: 54,
    engagedClients: 41,
    passersbyClients: 13,
    associatedClients: 0,
    unassociatedClients: 54 },
  { time: '2016-02-07T09:00:00.000Z',
    uniqueClients: 59,
    engagedClients: 47,
    passersbyClients: 12,
    associatedClients: 0,
    unassociatedClients: 59 },
  { time: '2016-02-07T10:00:00.000Z',
    uniqueClients: 72,
    engagedClients: 56,
    passersbyClients: 16,
    associatedClients: 0,
    unassociatedClients: 72 },
  { time: '2016-02-07T11:00:00.000Z',
    uniqueClients: 98,
    engagedClients: 67,
    passersbyClients: 31,
    associatedClients: 0,
    unassociatedClients: 98 },
  { time: '2016-02-07T12:00:00.000Z',
    uniqueClients: 80,
    engagedClients: 57,
    passersbyClients: 23,
    associatedClients: 0,
    unassociatedClients: 80 },
  { time: '2016-02-07T13:00:00.000Z',
    uniqueClients: 82,
    engagedClients: 62,
    passersbyClients: 20,
    associatedClients: 0,
    unassociatedClients: 82 },
  { time: '2016-02-07T14:00:00.000Z',
    uniqueClients: 89,
    engagedClients: 59,
    passersbyClients: 30,
    associatedClients: 0,
    unassociatedClients: 89 },
  { time: '2016-02-07T15:00:00.000Z',
    uniqueClients: 81,
    engagedClients: 58,
    passersbyClients: 23,
    associatedClients: 0,
    unassociatedClients: 81 },
  { time: '2016-02-07T16:00:00.000Z',
    uniqueClients: 100,
    engagedClients: 58,
    passersbyClients: 42,
    associatedClients: 0,
    unassociatedClients: 100 },
  { time: '2016-02-07T17:00:00.000Z',
    uniqueClients: 98,
    engagedClients: 71,
    passersbyClients: 27,
    associatedClients: 0,
    unassociatedClients: 98 },
  { time: '2016-02-07T18:00:00.000Z',
    uniqueClients: 86,
    engagedClients: 74,
    passersbyClients: 12,
    associatedClients: 0,
    unassociatedClients: 86 },
  { time: '2016-02-07T19:00:00.000Z',
    uniqueClients: 79,
    engagedClients: 72,
    passersbyClients: 7,
    associatedClients: 0,
    unassociatedClients: 79 },
  { time: '2016-02-07T20:00:00.000Z',
    uniqueClients: 71,
    engagedClients: 62,
    passersbyClients: 9,
    associatedClients: 0,
    unassociatedClients: 71 },
  { time: '2016-02-07T21:00:00.000Z',
    uniqueClients: 80,
    engagedClients: 64,
    passersbyClients: 16,
    associatedClients: 0,
    unassociatedClients: 80 },
  { time: '2016-02-07T22:00:00.000Z',
    uniqueClients: 69,
    engagedClients: 57,
    passersbyClients: 12,
    associatedClients: 0,
    unassociatedClients: 69 },
  { time: '2016-02-07T23:00:00.000Z',
    uniqueClients: 74,
    engagedClients: 63,
    passersbyClients: 11,
    associatedClients: 0,
    unassociatedClients: 74 },
  { time: '2016-02-08T00:00:00.000Z',
    uniqueClients: 63,
    engagedClients: 51,
    passersbyClients: 12,
    associatedClients: 0,
    unassociatedClients: 63 },
  { time: '2016-02-08T01:00:00.000Z',
    uniqueClients: 57,
    engagedClients: 51,
    passersbyClients: 6,
    associatedClients: 0,
    unassociatedClients: 57 },
  { time: '2016-02-08T02:00:00.000Z',
    uniqueClients: 56,
    engagedClients: 50,
    passersbyClients: 6,
    associatedClients: 0,
    unassociatedClients: 56 },
  { time: '2016-02-08T03:00:00.000Z',
    uniqueClients: 62,
    engagedClients: 54,
    passersbyClients: 8,
    associatedClients: 0,
    unassociatedClients: 62 },
  { time: '2016-02-08T04:00:00.000Z',
    uniqueClients: 58,
    engagedClients: 49,
    passersbyClients: 9,
    associatedClients: 0,
    unassociatedClients: 58 },
  { time: '2016-02-08T05:00:00.000Z',
    uniqueClients: 64,
    engagedClients: 52,
    passersbyClients: 12,
    associatedClients: 0,
    unassociatedClients: 64 },
  { time: '2016-02-08T06:00:00.000Z',
    uniqueClients: 73,
    engagedClients: 58,
    passersbyClients: 15,
    associatedClients: 0,
    unassociatedClients: 73 },
  { time: '2016-02-08T07:00:00.000Z',
    uniqueClients: 85,
    engagedClients: 53,
    passersbyClients: 32,
    associatedClients: 0,
    unassociatedClients: 85 },
  { time: '2016-02-08T08:00:00.000Z',
    uniqueClients: 77,
    engagedClients: 59,
    passersbyClients: 18,
    associatedClients: 0,
    unassociatedClients: 77 },
  { time: '2016-02-08T09:00:00.000Z',
    uniqueClients: 84,
    engagedClients: 64,
    passersbyClients: 20,
    associatedClients: 0,
    unassociatedClients: 84 },
  { time: '2016-02-08T10:00:00.000Z',
    uniqueClients: 86,
    engagedClients: 66,
    passersbyClients: 20,
    associatedClients: 0,
    unassociatedClients: 86 },
  { time: '2016-02-08T11:00:00.000Z',
    uniqueClients: 98,
    engagedClients: 77,
    passersbyClients: 21,
    associatedClients: 0,
    unassociatedClients: 98 },
  { time: '2016-02-08T12:00:00.000Z',
    uniqueClients: 101,
    engagedClients: 82,
    passersbyClients: 19,
    associatedClients: 0,
    unassociatedClients: 101 },
  { time: '2016-02-08T13:00:00.000Z',
    uniqueClients: 84,
    engagedClients: 70,
    passersbyClients: 14,
    associatedClients: 0,
    unassociatedClients: 84 },
  { time: '2016-02-08T14:00:00.000Z',
    uniqueClients: 88,
    engagedClients: 72,
    passersbyClients: 16,
    associatedClients: 0,
    unassociatedClients: 88 },
  { time: '2016-02-08T15:00:00.000Z',
    uniqueClients: 98,
    engagedClients: 77,
    passersbyClients: 21,
    associatedClients: 0,
    unassociatedClients: 98 },
  { time: '2016-02-08T16:00:00.000Z',
    uniqueClients: 44,
    engagedClients: 40,
    passersbyClients: 4,
    associatedClients: 0,
    unassociatedClients: 44 },
  { time: '2016-02-08T17:00:00.000Z',
    uniqueClients: 77,
    engagedClients: 49,
    passersbyClients: 28,
    associatedClients: 0,
    unassociatedClients: 77 },
  { time: '2016-02-08T18:00:00.000Z',
    uniqueClients: 94,
    engagedClients: 71,
    passersbyClients: 23,
    associatedClients: 0,
    unassociatedClients: 94 },
  { time: '2016-02-08T19:00:00.000Z',
    uniqueClients: 82,
    engagedClients: 69,
    passersbyClients: 13,
    associatedClients: 0,
    unassociatedClients: 82 },
  { time: '2016-02-08T20:00:00.000Z',
    uniqueClients: 80,
    engagedClients: 73,
    passersbyClients: 7,
    associatedClients: 0,
    unassociatedClients: 80 },
  { time: '2016-02-08T21:00:00.000Z',
    uniqueClients: 84,
    engagedClients: 69,
    passersbyClients: 15,
    associatedClients: 0,
    unassociatedClients: 84 },
  { time: '2016-02-08T22:00:00.000Z',
    uniqueClients: 69,
    engagedClients: 64,
    passersbyClients: 5,
    associatedClients: 0,
    unassociatedClients: 69 },
  { time: '2016-02-08T23:00:00.000Z',
    uniqueClients: 53,
    engagedClients: 47,
    passersbyClients: 6,
    associatedClients: 0,
    unassociatedClients: 53 },
  { time: '2016-02-09T00:00:00.000Z',
    uniqueClients: 51,
    engagedClients: 47,
    passersbyClients: 4,
    associatedClients: 0,
    unassociatedClients: 51 },
  { time: '2016-02-09T01:00:00.000Z',
    uniqueClients: 46,
    engagedClients: 42,
    passersbyClients: 4,
    associatedClients: 0,
    unassociatedClients: 46 },
  { time: '2016-02-09T02:00:00.000Z',
    uniqueClients: 45,
    engagedClients: 41,
    passersbyClients: 4,
    associatedClients: 0,
    unassociatedClients: 45 },
  { time: '2016-02-09T03:00:00.000Z',
    uniqueClients: 51,
    engagedClients: 47,
    passersbyClients: 4,
    associatedClients: 0,
    unassociatedClients: 51 },
  { time: '2016-02-09T04:00:00.000Z',
    uniqueClients: 49,
    engagedClients: 45,
    passersbyClients: 4,
    associatedClients: 0,
    unassociatedClients: 49 },
  { time: '2016-02-09T05:00:00.000Z',
    uniqueClients: 66,
    engagedClients: 55,
    passersbyClients: 11,
    associatedClients: 0,
    unassociatedClients: 66 },
  { time: '2016-02-09T06:00:00.000Z',
    uniqueClients: 81,
    engagedClients: 56,
    passersbyClients: 25,
    associatedClients: 0,
    unassociatedClients: 81 },
  { time: '2016-02-09T07:00:00.000Z',
    uniqueClients: 100,
    engagedClients: 68,
    passersbyClients: 32,
    associatedClients: 0,
    unassociatedClients: 100 },
  { time: '2016-02-09T08:00:00.000Z',
    uniqueClients: 259,
    engagedClients: 115,
    passersbyClients: 144,
    associatedClients: 0,
    unassociatedClients: 259 },
  { time: '2016-02-09T09:00:00.000Z',
    uniqueClients: 111,
    engagedClients: 81,
    passersbyClients: 30,
    associatedClients: 0,
    unassociatedClients: 111 },
  { time: '2016-02-09T10:00:00.000Z',
    uniqueClients: 206,
    engagedClients: 95,
    passersbyClients: 111,
    associatedClients: 0,
    unassociatedClients: 206 },
  { time: '2016-02-09T11:00:00.000Z',
    uniqueClients: 194,
    engagedClients: 106,
    passersbyClients: 88,
    associatedClients: 0,
    unassociatedClients: 194 },
  { time: '2016-02-09T12:00:00.000Z',
    uniqueClients: 85,
    engagedClients: 62,
    passersbyClients: 23,
    associatedClients: 0,
    unassociatedClients: 85 },
  { time: '2016-02-09T13:00:00.000Z',
    uniqueClients: 90,
    engagedClients: 62,
    passersbyClients: 28,
    associatedClients: 0,
    unassociatedClients: 90 },
  { time: '2016-02-09T14:00:00.000Z',
    uniqueClients: 78,
    engagedClients: 65,
    passersbyClients: 13,
    associatedClients: 0,
    unassociatedClients: 78 },
  { time: '2016-02-09T15:00:00.000Z',
    uniqueClients: 100,
    engagedClients: 75,
    passersbyClients: 25,
    associatedClients: 0,
    unassociatedClients: 100 },
  { time: '2016-02-09T16:00:00.000Z',
    uniqueClients: 104,
    engagedClients: 77,
    passersbyClients: 27,
    associatedClients: 0,
    unassociatedClients: 104 },
  { time: '2016-02-09T17:00:00.000Z',
    uniqueClients: 125,
    engagedClients: 70,
    passersbyClients: 55,
    associatedClients: 0,
    unassociatedClients: 125 },
  { time: '2016-02-09T18:00:00.000Z',
    uniqueClients: 105,
    engagedClients: 72,
    passersbyClients: 33,
    associatedClients: 0,
    unassociatedClients: 105 },
  { time: '2016-02-09T19:00:00.000Z',
    uniqueClients: 99,
    engagedClients: 87,
    passersbyClients: 12,
    associatedClients: 0,
    unassociatedClients: 99 },
  { time: '2016-02-09T20:00:00.000Z',
    uniqueClients: 84,
    engagedClients: 75,
    passersbyClients: 9,
    associatedClients: 0,
    unassociatedClients: 84 },
  { time: '2016-02-09T21:00:00.000Z',
    uniqueClients: 67,
    engagedClients: 60,
    passersbyClients: 7,
    associatedClients: 0,
    unassociatedClients: 67 },
  { time: '2016-02-09T22:00:00.000Z',
    uniqueClients: 78,
    engagedClients: 69,
    passersbyClients: 9,
    associatedClients: 0,
    unassociatedClients: 78 },
  { time: '2016-02-09T23:00:00.000Z',
    uniqueClients: 69,
    engagedClients: 54,
    passersbyClients: 15,
    associatedClients: 0,
    unassociatedClients: 69 },
  { time: '2016-02-10T00:00:00.000Z',
    uniqueClients: 57,
    engagedClients: 45,
    passersbyClients: 12,
    associatedClients: 0,
    unassociatedClients: 57 },
  { time: '2016-02-10T01:00:00.000Z',
    uniqueClients: 57,
    engagedClients: 43,
    passersbyClients: 14,
    associatedClients: 0,
    unassociatedClients: 57 },
  { time: '2016-02-10T02:00:00.000Z',
    uniqueClients: 49,
    engagedClients: 36,
    passersbyClients: 13,
    associatedClients: 0,
    unassociatedClients: 49 },
  { time: '2016-02-10T03:00:00.000Z',
    uniqueClients: 55,
    engagedClients: 33,
    passersbyClients: 22,
    associatedClients: 0,
    unassociatedClients: 55 },
  { time: '2016-02-10T04:00:00.000Z',
    uniqueClients: 54,
    engagedClients: 38,
    passersbyClients: 16,
    associatedClients: 0,
    unassociatedClients: 54 },
  { time: '2016-02-10T05:00:00.000Z',
    uniqueClients: 59,
    engagedClients: 34,
    passersbyClients: 25,
    associatedClients: 0,
    unassociatedClients: 59 },
  { time: '2016-02-10T06:00:00.000Z',
    uniqueClients: 74,
    engagedClients: 39,
    passersbyClients: 35,
    associatedClients: 0,
    unassociatedClients: 74 },
  { time: '2016-02-10T07:00:00.000Z',
    uniqueClients: 89,
    engagedClients: 46,
    passersbyClients: 43,
    associatedClients: 0,
    unassociatedClients: 89 },
  { time: '2016-02-10T08:00:00.000Z',
    uniqueClients: 85,
    engagedClients: 56,
    passersbyClients: 29,
    associatedClients: 0,
    unassociatedClients: 85 },
  { time: '2016-02-10T09:00:00.000Z',
    uniqueClients: 84,
    engagedClients: 59,
    passersbyClients: 25,
    associatedClients: 0,
    unassociatedClients: 84 },
  { time: '2016-02-10T10:00:00.000Z',
    uniqueClients: 85,
    engagedClients: 63,
    passersbyClients: 22,
    associatedClients: 0,
    unassociatedClients: 85 },
  { time: '2016-02-10T11:00:00.000Z',
    uniqueClients: 102,
    engagedClients: 70,
    passersbyClients: 32,
    associatedClients: 0,
    unassociatedClients: 102 },
  { time: '2016-02-10T12:00:00.000Z',
    uniqueClients: 97,
    engagedClients: 69,
    passersbyClients: 28,
    associatedClients: 0,
    unassociatedClients: 97 },
  { time: '2016-02-10T13:00:00.000Z',
    uniqueClients: 74,
    engagedClients: 50,
    passersbyClients: 24,
    associatedClients: 0,
    unassociatedClients: 74 },
  { time: '2016-02-10T14:00:00.000Z',
    uniqueClients: 74,
    engagedClients: 48,
    passersbyClients: 26,
    associatedClients: 0,
    unassociatedClients: 74 },
  { time: '2016-02-10T15:00:00.000Z',
    uniqueClients: 93,
    engagedClients: 62,
    passersbyClients: 31,
    associatedClients: 0,
    unassociatedClients: 93 },
  { time: '2016-02-10T16:00:00.000Z',
    uniqueClients: 78,
    engagedClients: 55,
    passersbyClients: 23,
    associatedClients: 0,
    unassociatedClients: 78 },
  { time: '2016-02-10T17:00:00.000Z',
    uniqueClients: 85,
    engagedClients: 55,
    passersbyClients: 30,
    associatedClients: 0,
    unassociatedClients: 85 },
  { time: '2016-02-10T18:00:00.000Z',
    uniqueClients: 84,
    engagedClients: 52,
    passersbyClients: 32,
    associatedClients: 0,
    unassociatedClients: 84 },
  { time: '2016-02-10T19:00:00.000Z',
    uniqueClients: 100,
    engagedClients: 63,
    passersbyClients: 37,
    associatedClients: 0,
    unassociatedClients: 100 },
  { time: '2016-02-10T20:00:00.000Z',
    uniqueClients: 69,
    engagedClients: 62,
    passersbyClients: 7,
    associatedClients: 0,
    unassociatedClients: 69 },
  { time: '2016-02-10T21:00:00.000Z',
    uniqueClients: 84,
    engagedClients: 63,
    passersbyClients: 21,
    associatedClients: 0,
    unassociatedClients: 84 },
  { time: '2016-02-10T22:00:00.000Z',
    uniqueClients: 76,
    engagedClients: 56,
    passersbyClients: 20,
    associatedClients: 0,
    unassociatedClients: 76 },
  { time: '2016-02-10T23:00:00.000Z',
    uniqueClients: 66,
    engagedClients: 50,
    passersbyClients: 16,
    associatedClients: 0,
    unassociatedClients: 66 },
  { time: '2016-02-11T00:00:00.000Z',
    uniqueClients: 54,
    engagedClients: 36,
    passersbyClients: 18,
    associatedClients: 0,
    unassociatedClients: 54 },
  { time: '2016-02-11T01:00:00.000Z',
    uniqueClients: 53,
    engagedClients: 39,
    passersbyClients: 14,
    associatedClients: 0,
    unassociatedClients: 53 },
  { time: '2016-02-11T02:00:00.000Z',
    uniqueClients: 45,
    engagedClients: 33,
    passersbyClients: 12,
    associatedClients: 0,
    unassociatedClients: 45 },
  { time: '2016-02-11T03:00:00.000Z',
    uniqueClients: 51,
    engagedClients: 38,
    passersbyClients: 13,
    associatedClients: 0,
    unassociatedClients: 51 },
  { time: '2016-02-11T04:00:00.000Z',
    uniqueClients: 44,
    engagedClients: 31,
    passersbyClients: 13,
    associatedClients: 0,
    unassociatedClients: 44 },
  { time: '2016-02-11T05:00:00.000Z',
    uniqueClients: 55,
    engagedClients: 32,
    passersbyClients: 23,
    associatedClients: 0,
    unassociatedClients: 55 },
  { time: '2016-02-11T06:00:00.000Z',
    uniqueClients: 88,
    engagedClients: 48,
    passersbyClients: 40,
    associatedClients: 0,
    unassociatedClients: 88 },
  { time: '2016-02-11T07:00:00.000Z',
    uniqueClients: 91,
    engagedClients: 48,
    passersbyClients: 43,
    associatedClients: 0,
    unassociatedClients: 91 },
  { time: '2016-02-11T08:00:00.000Z',
    uniqueClients: 84,
    engagedClients: 49,
    passersbyClients: 35,
    associatedClients: 0,
    unassociatedClients: 84 },
  { time: '2016-02-11T09:00:00.000Z',
    uniqueClients: 76,
    engagedClients: 43,
    passersbyClients: 33,
    associatedClients: 0,
    unassociatedClients: 76 },
  { time: '2016-02-11T10:00:00.000Z',
    uniqueClients: 79,
    engagedClients: 44,
    passersbyClients: 35,
    associatedClients: 0,
    unassociatedClients: 79 },
  { time: '2016-02-11T11:00:00.000Z',
    uniqueClients: 84,
    engagedClients: 47,
    passersbyClients: 37,
    associatedClients: 0,
    unassociatedClients: 84 },
  { time: '2016-02-11T12:00:00.000Z',
    uniqueClients: 89,
    engagedClients: 50,
    passersbyClients: 39,
    associatedClients: 0,
    unassociatedClients: 89 },
  { time: '2016-02-11T13:00:00.000Z',
    uniqueClients: 79,
    engagedClients: 45,
    passersbyClients: 34,
    associatedClients: 0,
    unassociatedClients: 79 },
  { time: '2016-02-11T14:00:00.000Z',
    uniqueClients: 87,
    engagedClients: 51,
    passersbyClients: 36,
    associatedClients: 0,
    unassociatedClients: 87 },
  { time: '2016-02-11T15:00:00.000Z',
    uniqueClients: 90,
    engagedClients: 58,
    passersbyClients: 32,
    associatedClients: 0,
    unassociatedClients: 90 },
  { time: '2016-02-11T16:00:00.000Z',
    uniqueClients: 90,
    engagedClients: 48,
    passersbyClients: 42,
    associatedClients: 0,
    unassociatedClients: 90 },
  { time: '2016-02-11T17:00:00.000Z',
    uniqueClients: 86,
    engagedClients: 45,
    passersbyClients: 41,
    associatedClients: 0,
    unassociatedClients: 86 },
  { time: '2016-02-11T18:00:00.000Z',
    uniqueClients: 87,
    engagedClients: 53,
    passersbyClients: 34,
    associatedClients: 0,
    unassociatedClients: 87 },
  { time: '2016-02-11T19:00:00.000Z',
    uniqueClients: 97,
    engagedClients: 65,
    passersbyClients: 32,
    associatedClients: 0,
    unassociatedClients: 97 },
  { time: '2016-02-11T20:00:00.000Z',
    uniqueClients: 83,
    engagedClients: 57,
    passersbyClients: 26,
    associatedClients: 0,
    unassociatedClients: 83 },
  { time: '2016-02-11T21:00:00.000Z',
    uniqueClients: 97,
    engagedClients: 64,
    passersbyClients: 33,
    associatedClients: 0,
    unassociatedClients: 97 },
  { time: '2016-02-11T22:00:00.000Z',
    uniqueClients: 71,
    engagedClients: 55,
    passersbyClients: 16,
    associatedClients: 0,
    unassociatedClients: 71 },
  { time: '2016-02-11T23:00:00.000Z',
    uniqueClients: 57,
    engagedClients: 48,
    passersbyClients: 9,
    associatedClients: 0,
    unassociatedClients: 57 },
  { time: '2016-02-12T00:00:00.000Z',
    uniqueClients: 45,
    engagedClients: 35,
    passersbyClients: 10,
    associatedClients: 0,
    unassociatedClients: 45 },
  { time: '2016-02-12T01:00:00.000Z',
    uniqueClients: 46,
    engagedClients: 36,
    passersbyClients: 10,
    associatedClients: 0,
    unassociatedClients: 46 },
  { time: '2016-02-12T02:00:00.000Z',
    uniqueClients: 49,
    engagedClients: 39,
    passersbyClients: 10,
    associatedClients: 0,
    unassociatedClients: 49 },
  { time: '2016-02-12T03:00:00.000Z',
    uniqueClients: 47,
    engagedClients: 39,
    passersbyClients: 8,
    associatedClients: 0,
    unassociatedClients: 47 },
  { time: '2016-02-12T04:00:00.000Z',
    uniqueClients: 49,
    engagedClients: 39,
    passersbyClients: 10,
    associatedClients: 0,
    unassociatedClients: 49 },
  { time: '2016-02-12T05:00:00.000Z',
    uniqueClients: 58,
    engagedClients: 40,
    passersbyClients: 18,
    associatedClients: 0,
    unassociatedClients: 58 },
  { time: '2016-02-12T06:00:00.000Z',
    uniqueClients: 84,
    engagedClients: 51,
    passersbyClients: 33,
    associatedClients: 0,
    unassociatedClients: 84 },
  { time: '2016-02-12T07:00:00.000Z',
    uniqueClients: 95,
    engagedClients: 53,
    passersbyClients: 42,
    associatedClients: 0,
    unassociatedClients: 95 },
  { time: '2016-02-12T08:00:00.000Z',
    uniqueClients: 69,
    engagedClients: 46,
    passersbyClients: 23,
    associatedClients: 0,
    unassociatedClients: 69 },
  { time: '2016-02-12T09:00:00.000Z',
    uniqueClients: 82,
    engagedClients: 47,
    passersbyClients: 35,
    associatedClients: 0,
    unassociatedClients: 82 },
  { time: '2016-02-12T10:00:00.000Z',
    uniqueClients: 83,
    engagedClients: 51,
    passersbyClients: 32,
    associatedClients: 0,
    unassociatedClients: 83 },
  { time: '2016-02-12T11:00:00.000Z',
    uniqueClients: 77,
    engagedClients: 45,
    passersbyClients: 32,
    associatedClients: 0,
    unassociatedClients: 77 },
  { time: '2016-02-12T12:00:00.000Z',
    uniqueClients: 77,
    engagedClients: 41,
    passersbyClients: 36,
    associatedClients: 0,
    unassociatedClients: 77 },
  { time: '2016-02-12T13:00:00.000Z',
    uniqueClients: 105,
    engagedClients: 59,
    passersbyClients: 46,
    associatedClients: 0,
    unassociatedClients: 105 },
  { time: '2016-02-12T14:00:00.000Z',
    uniqueClients: 77,
    engagedClients: 51,
    passersbyClients: 26,
    associatedClients: 0,
    unassociatedClients: 77 },
  { time: '2016-02-12T15:00:00.000Z',
    uniqueClients: 92,
    engagedClients: 57,
    passersbyClients: 35,
    associatedClients: 0,
    unassociatedClients: 92 },
  { time: '2016-02-12T16:00:00.000Z',
    uniqueClients: 96,
    engagedClients: 61,
    passersbyClients: 35,
    associatedClients: 0,
    unassociatedClients: 96 },
  { time: '2016-02-12T17:00:00.000Z',
    uniqueClients: 103,
    engagedClients: 61,
    passersbyClients: 42,
    associatedClients: 0,
    unassociatedClients: 103 },
  { time: '2016-02-12T18:00:00.000Z',
    uniqueClients: 96,
    engagedClients: 59,
    passersbyClients: 37,
    associatedClients: 0,
    unassociatedClients: 96 },
  { time: '2016-02-12T19:00:00.000Z',
    uniqueClients: 87,
    engagedClients: 59,
    passersbyClients: 28,
    associatedClients: 0,
    unassociatedClients: 87 },
  { time: '2016-02-12T20:00:00.000Z',
    uniqueClients: 85,
    engagedClients: 63,
    passersbyClients: 22,
    associatedClients: 0,
    unassociatedClients: 85 },
  { time: '2016-02-12T21:00:00.000Z',
    uniqueClients: 74,
    engagedClients: 52,
    passersbyClients: 22,
    associatedClients: 0,
    unassociatedClients: 74 },
  { time: '2016-02-12T22:00:00.000Z',
    uniqueClients: 70,
    engagedClients: 54,
    passersbyClients: 16,
    associatedClients: 0,
    unassociatedClients: 70 },
  { time: '2016-02-12T23:00:00.000Z',
    uniqueClients: 58,
    engagedClients: 40,
    passersbyClients: 18,
    associatedClients: 0,
    unassociatedClients: 58 },
  { time: '2016-02-13T00:00:00.000Z',
    uniqueClients: 58,
    engagedClients: 40,
    passersbyClients: 18,
    associatedClients: 0,
    unassociatedClients: 58 },
  { time: '2016-02-13T01:00:00.000Z',
    uniqueClients: 45,
    engagedClients: 39,
    passersbyClients: 6,
    associatedClients: 0,
    unassociatedClients: 45 },
  { time: '2016-02-13T02:00:00.000Z',
    uniqueClients: 42,
    engagedClients: 36,
    passersbyClients: 6,
    associatedClients: 0,
    unassociatedClients: 42 },
  { time: '2016-02-13T03:00:00.000Z',
    uniqueClients: 46,
    engagedClients: 37,
    passersbyClients: 9,
    associatedClients: 0,
    unassociatedClients: 46 },
  { time: '2016-02-13T04:00:00.000Z',
    uniqueClients: 54,
    engagedClients: 42,
    passersbyClients: 12,
    associatedClients: 0,
    unassociatedClients: 54 },
  { time: '2016-02-13T05:00:00.000Z',
    uniqueClients: 55,
    engagedClients: 36,
    passersbyClients: 19,
    associatedClients: 0,
    unassociatedClients: 55 },
  { time: '2016-02-13T06:00:00.000Z',
    uniqueClients: 52,
    engagedClients: 40,
    passersbyClients: 12,
    associatedClients: 0,
    unassociatedClients: 52 },
  { time: '2016-02-13T07:00:00.000Z',
    uniqueClients: 70,
    engagedClients: 48,
    passersbyClients: 22,
    associatedClients: 0,
    unassociatedClients: 70 },
  { time: '2016-02-13T08:00:00.000Z',
    uniqueClients: 74,
    engagedClients: 47,
    passersbyClients: 27,
    associatedClients: 0,
    unassociatedClients: 74 },
  { time: '2016-02-13T09:00:00.000Z',
    uniqueClients: 89,
    engagedClients: 53,
    passersbyClients: 36,
    associatedClients: 0,
    unassociatedClients: 89 },
  { time: '2016-02-13T10:00:00.000Z',
    uniqueClients: 79,
    engagedClients: 49,
    passersbyClients: 30,
    associatedClients: 0,
    unassociatedClients: 79 },
  { time: '2016-02-13T11:00:00.000Z',
    uniqueClients: 78,
    engagedClients: 48,
    passersbyClients: 30,
    associatedClients: 0,
    unassociatedClients: 78 },
  { time: '2016-02-13T12:00:00.000Z',
    uniqueClients: 84,
    engagedClients: 59,
    passersbyClients: 25,
    associatedClients: 0,
    unassociatedClients: 84 },
  { time: '2016-02-13T13:00:00.000Z',
    uniqueClients: 86,
    engagedClients: 52,
    passersbyClients: 34,
    associatedClients: 0,
    unassociatedClients: 86 },
  { time: '2016-02-13T14:00:00.000Z',
    uniqueClients: 93,
    engagedClients: 54,
    passersbyClients: 39,
    associatedClients: 0,
    unassociatedClients: 93 },
  { time: '2016-02-13T15:00:00.000Z',
    uniqueClients: 80,
    engagedClients: 51,
    passersbyClients: 29,
    associatedClients: 0,
    unassociatedClients: 80 },
  { time: '2016-02-13T16:00:00.000Z',
    uniqueClients: 83,
    engagedClients: 56,
    passersbyClients: 27,
    associatedClients: 0,
    unassociatedClients: 83 },
  { time: '2016-02-13T17:00:00.000Z',
    uniqueClients: 88,
    engagedClients: 54,
    passersbyClients: 34,
    associatedClients: 0,
    unassociatedClients: 88 },
  { time: '2016-02-13T18:00:00.000Z',
    uniqueClients: 89,
    engagedClients: 62,
    passersbyClients: 27,
    associatedClients: 0,
    unassociatedClients: 89 },
  { time: '2016-02-13T19:00:00.000Z',
    uniqueClients: 86,
    engagedClients: 61,
    passersbyClients: 25,
    associatedClients: 0,
    unassociatedClients: 86 },
  { time: '2016-02-13T20:00:00.000Z',
    uniqueClients: 75,
    engagedClients: 56,
    passersbyClients: 19,
    associatedClients: 0,
    unassociatedClients: 75 },
  { time: '2016-02-13T21:00:00.000Z',
    uniqueClients: 71,
    engagedClients: 50,
    passersbyClients: 21,
    associatedClients: 0,
    unassociatedClients: 71 },
  { time: '2016-02-13T22:00:00.000Z',
    uniqueClients: 76,
    engagedClients: 50,
    passersbyClients: 26,
    associatedClients: 0,
    unassociatedClients: 76 },
  { time: '2016-02-13T23:00:00.000Z',
    uniqueClients: 58,
    engagedClients: 48,
    passersbyClients: 10,
    associatedClients: 0,
    unassociatedClients: 58 },
  { time: '2016-02-14T00:00:00.000Z',
    uniqueClients: 63,
    engagedClients: 44,
    passersbyClients: 19,
    associatedClients: 0,
    unassociatedClients: 63 } ]
STATUS: 200
HEADERS: {"content-type":"application/json","date":"Sun, 21 Feb 2016 20:21:11 GMT","server":"nginx","strict-transport-security":"max-age=31536000;includeSubDomains","content-length":"141","connection":"Close"}
STATUS: 200
HEADERS: {"content-type":"application/json","date":"Sun, 21 Feb 2016 20:21:11 GMT","server":"nginx","strict-transport-security":"max-age=31536000;includeSubDomains","transfer-encoding":"chunked","connection":"Close"}
STATUS: 200
HEADERS: {"content-type":"application/json","date":"Sun, 21 Feb 2016 20:21:13 GMT","server":"nginx","strict-transport-security":"max-age=31536000;includeSubDomains","content-length":"139","connection":"Close"}
[0mPOST /compare/api/period/polar/ [32m200 [0m3188.174 ms - 1419[0m
